Component: ARM Compiler 5.06 update 7 (build 960) Tool: armlink [4d3601]

==============================================================================

Section Cross References

    startup_stm32g431xx.o(STACK) refers (Special) to heapauxi.o(.text) for __use_two_region_memory
    startup_stm32g431xx.o(HEAP) refers (Special) to heapauxi.o(.text) for __use_two_region_memory
    startup_stm32g431xx.o(RESET) refers (Special) to heapauxi.o(.text) for __use_two_region_memory
    startup_stm32g431xx.o(RESET) refers to startup_stm32g431xx.o(STACK) for __initial_sp
    startup_stm32g431xx.o(RESET) refers to startup_stm32g431xx.o(.text) for Reset_Handler
    startup_stm32g431xx.o(RESET) refers to stm32g4xx_it.o(i.NMI_Handler) for NMI_Handler
    startup_stm32g431xx.o(RESET) refers to stm32g4xx_it.o(i.HardFault_Handler) for HardFault_Handler
    startup_stm32g431xx.o(RESET) refers to stm32g4xx_it.o(i.MemManage_Handler) for MemManage_Handler
    startup_stm32g431xx.o(RESET) refers to stm32g4xx_it.o(i.BusFault_Handler) for BusFault_Handler
    startup_stm32g431xx.o(RESET) refers to stm32g4xx_it.o(i.UsageFault_Handler) for UsageFault_Handler
    startup_stm32g431xx.o(RESET) refers to port.o(.emb_text) for SVC_Handler
    startup_stm32g431xx.o(RESET) refers to stm32g4xx_it.o(i.DebugMon_Handler) for DebugMon_Handler
    startup_stm32g431xx.o(RESET) refers to port.o(i.SysTick_Handler) for SysTick_Handler
    startup_stm32g431xx.o(RESET) refers to stm32g4xx_it.o(i.DMA1_Channel1_IRQHandler) for DMA1_Channel1_IRQHandler
    startup_stm32g431xx.o(RESET) refers to stm32g4xx_it.o(i.DMA1_Channel2_IRQHandler) for DMA1_Channel2_IRQHandler
    startup_stm32g431xx.o(RESET) refers to stm32g4xx_it.o(i.DMA1_Channel3_IRQHandler) for DMA1_Channel3_IRQHandler
    startup_stm32g431xx.o(RESET) refers to stm32g4xx_it.o(i.DMA1_Channel4_IRQHandler) for DMA1_Channel4_IRQHandler
    startup_stm32g431xx.o(RESET) refers to stm32g4xx_it.o(i.DMA1_Channel5_IRQHandler) for DMA1_Channel5_IRQHandler
    startup_stm32g431xx.o(RESET) refers to stm32g4xx_it.o(i.DMA1_Channel6_IRQHandler) for DMA1_Channel6_IRQHandler
    startup_stm32g431xx.o(RESET) refers to stm32g4xx_it.o(i.ADC1_2_IRQHandler) for ADC1_2_IRQHandler
    startup_stm32g431xx.o(RESET) refers to stm32g4xx_it.o(i.EXTI9_5_IRQHandler) for EXTI9_5_IRQHandler
    startup_stm32g431xx.o(RESET) refers to stm32g4xx_it.o(i.TIM1_BRK_TIM15_IRQHandler) for TIM1_BRK_TIM15_IRQHandler
    startup_stm32g431xx.o(RESET) refers to stm32g4xx_it.o(i.TIM1_UP_TIM16_IRQHandler) for TIM1_UP_TIM16_IRQHandler
    startup_stm32g431xx.o(RESET) refers to stm32g4xx_it.o(i.SPI2_IRQHandler) for SPI2_IRQHandler
    startup_stm32g431xx.o(RESET) refers to stm32g4xx_it.o(i.USART1_IRQHandler) for USART1_IRQHandler
    startup_stm32g431xx.o(RESET) refers to stm32g4xx_it.o(i.USART2_IRQHandler) for USART2_IRQHandler
    startup_stm32g431xx.o(RESET) refers to stm32g4xx_it.o(i.USART3_IRQHandler) for USART3_IRQHandler
    startup_stm32g431xx.o(RESET) refers to stm32g4xx_it.o(i.TIM6_DAC_IRQHandler) for TIM6_DAC_IRQHandler
    startup_stm32g431xx.o(RESET) refers to stm32g4xx_it.o(i.TIM7_IRQHandler) for TIM7_IRQHandler
    startup_stm32g431xx.o(RESET) refers to stm32g4xx_it.o(i.DMA2_Channel1_IRQHandler) for DMA2_Channel1_IRQHandler
    startup_stm32g431xx.o(.text) refers (Special) to heapauxi.o(.text) for __use_two_region_memory
    startup_stm32g431xx.o(.text) refers to system_stm32g4xx.o(i.SystemInit) for SystemInit
    startup_stm32g431xx.o(.text) refers to __main.o(!!!main) for __main
    startup_stm32g431xx.o(.text) refers to startup_stm32g431xx.o(HEAP) for Heap_Mem
    startup_stm32g431xx.o(.text) refers to startup_stm32g431xx.o(STACK) for Stack_Mem
    main.o(i.SystemClock_Config) refers to rt_memclr_w.o(.text) for __aeabi_memclr4
    main.o(i.SystemClock_Config) refers to stm32g4xx_hal_pwr_ex.o(i.HAL_PWREx_ControlVoltageScaling) for HAL_PWREx_ControlVoltageScaling
    main.o(i.SystemClock_Config) refers to stm32g4xx_hal_rcc.o(i.HAL_RCC_OscConfig) for HAL_RCC_OscConfig
    main.o(i.SystemClock_Config) refers to main.o(i.Error_Handler) for Error_Handler
    main.o(i.SystemClock_Config) refers to stm32g4xx_hal_rcc.o(i.HAL_RCC_ClockConfig) for HAL_RCC_ClockConfig
    main.o(i.main) refers to stm32g4xx_hal.o(i.HAL_Init) for HAL_Init
    main.o(i.main) refers to main.o(i.SystemClock_Config) for SystemClock_Config
    main.o(i.main) refers to gpio.o(i.MX_GPIO_Init) for MX_GPIO_Init
    main.o(i.main) refers to dma.o(i.MX_DMA_Init) for MX_DMA_Init
    main.o(i.main) refers to adc.o(i.MX_ADC2_Init) for MX_ADC2_Init
    main.o(i.main) refers to spi.o(i.MX_SPI2_Init) for MX_SPI2_Init
    main.o(i.main) refers to tim.o(i.MX_TIM2_Init) for MX_TIM2_Init
    main.o(i.main) refers to tim.o(i.MX_TIM3_Init) for MX_TIM3_Init
    main.o(i.main) refers to tim.o(i.MX_TIM4_Init) for MX_TIM4_Init
    main.o(i.main) refers to tim.o(i.MX_TIM6_Init) for MX_TIM6_Init
    main.o(i.main) refers to tim.o(i.MX_TIM7_Init) for MX_TIM7_Init
[...]
    HAL_DMA_Abort_IT                         0x0800203d   Thumb Code   118  stm32g4xx_hal_dma.o(i.HAL_DMA_Abort_IT)
    HAL_DMA_IRQHandler                       0x080020b3   Thumb Code   204  stm32g4xx_hal_dma.o(i.HAL_DMA_IRQHandler)
    HAL_DMA_Init                             0x08002181   Thumb Code   184  stm32g4xx_hal_dma.o(i.HAL_DMA_Init)
    HAL_DMA_Start_IT                         0x08002245   Thumb Code   144  stm32g4xx_hal_dma.o(i.HAL_DMA_Start_IT)
    HAL_GPIO_EXTI_Callback                   0x080022d5   Thumb Code    46  callback_task.o(i.HAL_GPIO_EXTI_Callback)
    HAL_GPIO_EXTI_IRQHandler                 0x08002311   Thumb Code    18  stm32g4xx_hal_gpio.o(i.HAL_GPIO_EXTI_IRQHandler)
    HAL_GPIO_Init                            0x08002329   Thumb Code   406  stm32g4xx_hal_gpio.o(i.HAL_GPIO_Init)
    HAL_GPIO_ReadPin                         0x080024e1   Thumb Code    14  stm32g4xx_hal_gpio.o(i.HAL_GPIO_ReadPin)
    HAL_GPIO_WritePin                        0x080024ef   Thumb Code    12  stm32g4xx_hal_gpio.o(i.HAL_GPIO_WritePin)
    HAL_GetTick                              0x080024fd   Thumb Code     6  stm32g4xx_hal.o(i.HAL_GetTick)
    HAL_HalfDuplex_EnableReceiver            0x08002509   Thumb Code    74  stm32g4xx_hal_uart.o(i.HAL_HalfDuplex_EnableReceiver)
    HAL_HalfDuplex_EnableTransmitter         0x08002553   Thumb Code    74  stm32g4xx_hal_uart.o(i.HAL_HalfDuplex_EnableTransmitter)
    HAL_HalfDuplex_Init                      0x0800259d   Thumb Code   122  stm32g4xx_hal_uart.o(i.HAL_HalfDuplex_Init)
    HAL_IncTick                              0x08002619   Thumb Code    12  stm32g4xx_hal.o(i.HAL_IncTick)
    HAL_Init                                 0x08002629   Thumb Code    30  stm32g4xx_hal.o(i.HAL_Init)
    HAL_InitTick                             0x08002649   Thumb Code   116  stm32g4xx_hal_timebase_tim.o(i.HAL_InitTick)
    HAL_MspInit                              0x080026d1   Thumb Code    54  stm32g4xx_hal_msp.o(i.HAL_MspInit)
    HAL_NVIC_EnableIRQ                       0x0800270d   Thumb Code    26  stm32g4xx_hal_cortex.o(i.HAL_NVIC_EnableIRQ)
    HAL_NVIC_SetPriority                     0x08002729   Thumb Code    60  stm32g4xx_hal_cortex.o(i.HAL_NVIC_SetPriority)
    HAL_NVIC_SetPriorityGrouping             0x08002769   Thumb Code    26  stm32g4xx_hal_cortex.o(i.HAL_NVIC_SetPriorityGrouping)
    HAL_PWREx_ControlVoltageScaling          0x0800278d   Thumb Code   190  stm32g4xx_hal_pwr_ex.o(i.HAL_PWREx_ControlVoltageScaling)
    HAL_PWREx_DisableUCPDDeadBattery         0x08002859   Thumb Code    12  stm32g4xx_hal_pwr_ex.o(i.HAL_PWREx_DisableUCPDDeadBattery)
    HAL_RCCEx_PeriphCLKConfig                0x08002869   Thumb Code   656  stm32g4xx_hal_rcc_ex.o(i.HAL_RCCEx_PeriphCLKConfig)
    HAL_RCC_ClockConfig                      0x08002b01   Thumb Code   432  stm32g4xx_hal_rcc.o(i.HAL_RCC_ClockConfig)
    HAL_RCC_GetClockConfig                   0x08002cc9   Thumb Code    52  stm32g4xx_hal_rcc.o(i.HAL_RCC_GetClockConfig)
    HAL_RCC_GetHCLKFreq                      0x08002d05   Thumb Code     6  stm32g4xx_hal_rcc.o(i.HAL_RCC_GetHCLKFreq)
    HAL_RCC_GetPCLK1Freq                     0x08002d11   Thumb Code    26  stm32g4xx_hal_rcc.o(i.HAL_RCC_GetPCLK1Freq)
    HAL_RCC_GetPCLK2Freq                     0x08002d35   Thumb Code    26  stm32g4xx_hal_rcc.o(i.HAL_RCC_GetPCLK2Freq)
    HAL_RCC_GetSysClockFreq                  0x08002d59   Thumb Code   106  stm32g4xx_hal_rcc.o(i.HAL_RCC_GetSysClockFreq)
    HAL_RCC_OscConfig                        0x08002dd1   Thumb Code  1104  stm32g4xx_hal_rcc.o(i.HAL_RCC_OscConfig)
    HAL_SPI_ErrorCallback                    0x08003221   Thumb Code     2  stm32g4xx_hal_spi.o(i.HAL_SPI_ErrorCallback)
    HAL_SPI_IRQHandler                       0x08003225   Thumb Code   254  stm32g4xx_hal_spi.o(i.HAL_SPI_IRQHandler)
    HAL_SPI_Init                             0x08003329   Thumb Code   236  stm32g4xx_hal_spi.o(i.HAL_SPI_Init)
    HAL_SPI_MspInit                          0x08003415   Thumb Code   104  spi.o(i.HAL_SPI_MspInit)
    HAL_SPI_TransmitReceive                  0x08003489   Thumb Code   642  stm32g4xx_hal_spi.o(i.HAL_SPI_TransmitReceive)
    HAL_TIMEx_Break2Callback                 0x0800370b   Thumb Code     2  stm32g4xx_hal_tim_ex.o(i.HAL_TIMEx_Break2Callback)
    HAL_TIMEx_BreakCallback                  0x0800370d   Thumb Code     2  stm32g4xx_hal_tim_ex.o(i.HAL_TIMEx_BreakCallback)
    HAL_TIMEx_CommutCallback                 0x0800370f   Thumb Code     2  stm32g4xx_hal_tim_ex.o(i.HAL_TIMEx_CommutCallback)
    HAL_TIMEx_DirectionChangeCallback        0x08003711   Thumb Code     2  stm32g4xx_hal_tim_ex.o(i.HAL_TIMEx_DirectionChangeCallback)
    HAL_TIMEx_EncoderIndexCallback           0x08003713   Thumb Code     2  stm32g4xx_hal_tim_ex.o(i.HAL_TIMEx_EncoderIndexCallback)
    HAL_TIMEx_IndexErrorCallback             0x08003715   Thumb Code     2  stm32g4xx_hal_tim_ex.o(i.HAL_TIMEx_IndexErrorCallback)
    HAL_TIMEx_MasterConfigSynchronization    0x08003719   Thumb Code   120  stm32g4xx_hal_tim_ex.o(i.HAL_TIMEx_MasterConfigSynchronization)
    HAL_TIMEx_TransitionErrorCallback        0x080037a9   Thumb Code     2  stm32g4xx_hal_tim_ex.o(i.HAL_TIMEx_TransitionErrorCallback)
    HAL_TIM_Base_Init                        0x080037ab   Thumb Code    78  stm32g4xx_hal_tim.o(i.HAL_TIM_Base_Init)
    HAL_TIM_Base_MspInit                     0x080037f9   Thumb Code   204  tim.o(i.HAL_TIM_Base_MspInit)
    HAL_TIM_Base_Start_IT                    0x080038dd   Thumb Code   104  stm32g4xx_hal_tim.o(i.HAL_TIM_Base_Start_IT)
    HAL_TIM_Base_Stop_IT                     0x0800395d   Thumb Code    46  stm32g4xx_hal_tim.o(i.HAL_TIM_Base_Stop_IT)
    HAL_TIM_ConfigClockSource                0x08003991   Thumb Code   258  stm32g4xx_hal_tim.o(i.HAL_TIM_ConfigClockSource)
    HAL_TIM_IC_CaptureCallback               0x08003a9d   Thumb Code     2  stm32g4xx_hal_tim.o(i.HAL_TIM_IC_CaptureCallback)
    HAL_TIM_IRQHandler                       0x08003a9f   Thumb Code   426  stm32g4xx_hal_tim.o(i.HAL_TIM_IRQHandler)
    HAL_TIM_MspPostInit                      0x08003c49   Thumb Code   158  tim.o(i.HAL_TIM_MspPostInit)
    HAL_TIM_OC_DelayElapsedCallback          0x08003cf9   Thumb Code     2  stm32g4xx_hal_tim.o(i.HAL_TIM_OC_DelayElapsedCallback)
    HAL_TIM_PWM_ConfigChannel                0x08003cfb   Thumb Code   310  stm32g4xx_hal_tim.o(i.HAL_TIM_PWM_ConfigChannel)
    HAL_TIM_PWM_Init                         0x08003e31   Thumb Code    78  stm32g4xx_hal_tim.o(i.HAL_TIM_PWM_Init)
    HAL_TIM_PWM_MspInit                      0x08003e7f   Thumb Code     2  stm32g4xx_hal_tim.o(i.HAL_TIM_PWM_MspInit)
    HAL_TIM_PWM_PulseFinishedCallback        0x08003e81   Thumb Code     2  stm32g4xx_hal_tim.o(i.HAL_TIM_PWM_PulseFinishedCallback)
    HAL_TIM_PWM_Start                        0x08003e85   Thumb Code   240  stm32g4xx_hal_tim.o(i.HAL_TIM_PWM_Start)
    HAL_TIM_PeriodElapsedCallback            0x08003f95   Thumb Code    36  callback_task.o(i.HAL_TIM_PeriodElapsedCallback)
    HAL_TIM_TriggerCallback                  0x08003fc9   Thumb Code     2  stm32g4xx_hal_tim.o(i.HAL_TIM_TriggerCallback)
    HAL_UARTEx_DisableFifoMode               0x08003fcb   Thumb Code    62  stm32g4xx_hal_uart_ex.o(i.HAL_UARTEx_DisableFifoMode)
    HAL_UARTEx_RxEventCallback               0x08004009   Thumb Code     2  stm32g4xx_hal_uart.o(i.HAL_UARTEx_RxEventCallback)
    HAL_UARTEx_RxFifoFullCallback            0x0800400b   Thumb Code     2  stm32g4xx_hal_uart_ex.o(i.HAL_UARTEx_RxFifoFullCallback)
    HAL_UARTEx_SetRxFifoThreshold            0x0800400d   Thumb Code    76  stm32g4xx_hal_uart_ex.o(i.HAL_UARTEx_SetRxFifoThreshold)
    HAL_UARTEx_SetTxFifoThreshold            0x08004059   Thumb Code    76  stm32g4xx_hal_uart_ex.o(i.HAL_UARTEx_SetTxFifoThreshold)
    HAL_UARTEx_TxFifoEmptyCallback           0x080040a5   Thumb Code     2  stm32g4xx_hal_uart_ex.o(i.HAL_UARTEx_TxFifoEmptyCallback)
    HAL_UARTEx_WakeupCallback                0x080040a7   Thumb Code     2  stm32g4xx_hal_uart_ex.o(i.HAL_UARTEx_WakeupCallback)
    HAL_UART_ErrorCallback                   0x080040a9   Thumb Code     2  stm32g4xx_hal_uart.o(i.HAL_UART_ErrorCallback)
    HAL_UART_IRQHandler                      0x080040ad   Thumb Code   790  stm32g4xx_hal_uart.o(i.HAL_UART_IRQHandler)
    HAL_UART_Init                            0x080043d1   Thumb Code   112  stm32g4xx_hal_uart.o(i.HAL_UART_Init)
    HAL_UART_MspInit                         0x08004441   Thumb Code   614  usart.o(i.HAL_UART_MspInit)
    HAL_UART_Receive_DMA                     0x080046d1   Thumb Code    66  stm32g4xx_hal_uart.o(i.HAL_UART_Receive_DMA)
    HAL_UART_RxCpltCallback                  0x08004719   Thumb Code    72  callback_task.o(i.HAL_UART_RxCpltCallback)
    HAL_UART_RxHalfCpltCallback              0x08004775   Thumb Code     2  stm32g4xx_hal_uart.o(i.HAL_UART_RxHalfCpltCallback)
    HAL_UART_Transmit_DMA                    0x08004779   Thumb Code   130  stm32g4xx_hal_uart.o(i.HAL_UART_Transmit_DMA)
    HAL_UART_TxCpltCallback                  0x08004809   Thumb Code    58  callback_task.o(i.HAL_UART_TxCpltCallback)
    HAL_UART_TxHalfCpltCallback              0x08004855   Thumb Code     2  stm32g4xx_hal_uart.o(i.HAL_UART_TxHalfCpltCallback)
    HardFault_Handler                        0x08004857   Thumb Code     2  stm32g4xx_it.o(i.HardFault_Handler)
    IMUTask                                  0x08004859   Thumb Code    12  app_freertos.o(i.IMUTask)
    IMU_Attitude_Algorithm                   0x08004865   Thumb Code  1138  imu.o(i.IMU_Attitude_Algorithm)
    IMU_Data_Read                            0x08004cd7   Thumb Code    22  imu.o(i.IMU_Data_Read)
    IMU_Init                                 0x08004ced   Thumb Code     4  imu.o(i.IMU_Init)
    IMU_Task                                 0x08004cf1   Thumb Code    14  totalcontrol.o(i.IMU_Task)
    InitTask                                 0x08004d01   Thumb Code    20  app_freertos.o(i.InitTask)
    KalmanFilter                             0x08004d19   Thumb Code    54  filter.o(i.KalmanFilter)
    Kalman_Vel_Init                          0x08004d51   Thumb Code    36  filter.o(i.Kalman_Vel_Init)
    Long_Press_Process                       0x08004de5   Thumb Code    58  button.o(i.Long_Press_Process)
    Low_Pass_Filter                          0x08004e25   Thumb Code    18  filter.o(i.Low_Pass_Filter)
    MX_ADC2_Init                             0x08004e39   Thumb Code   112  adc.o(i.MX_ADC2_Init)
    MX_DMA_Init                              0x08004eb5   Thumb Code   168  dma.o(i.MX_DMA_Init)
    MX_FREERTOS_Init                         0x08004f61   Thumb Code    96  app_freertos.o(i.MX_FREERTOS_Init)
    MX_GPIO_Init                             0x08004fc9   Thumb Code   198  gpio.o(i.MX_GPIO_Init)
    MX_SPI2_Init                             0x08005099   Thumb Code    70  spi.o(i.MX_SPI2_Init)
    MX_TIM15_Init                            0x080050e9   Thumb Code    98  tim.o(i.MX_TIM15_Init)
    MX_TIM2_Init                             0x08005155   Thumb Code   162  tim.o(i.MX_TIM2_Init)
    MX_TIM3_Init                             0x080051fd   Thumb Code   162  tim.o(i.MX_TIM3_Init)
    MX_TIM4_Init                             0x080052a9   Thumb Code   178  tim.o(i.MX_TIM4_Init)
    MX_TIM6_Init                             0x08005365   Thumb Code    60  tim.o(i.MX_TIM6_Init)
    MX_TIM7_Init                             0x080053a9   Thumb Code    62  tim.o(i.MX_TIM7_Init)
    MX_USART1_UART_Init                      0x080053f1   Thumb Code    94  usart.o(i.MX_USART1_UART_Init)
    MX_USART2_UART_Init                      0x08005459   Thumb Code    92  usart.o(i.MX_USART2_UART_Init)
    MX_USART3_UART_Init                      0x080054c1   Thumb Code    94  usart.o(i.MX_USART3_UART_Init)
    MemManage_Handler                        0x08005529   Thumb Code     2  stm32g4xx_it.o(i.MemManage_Handler)
    NMI_Handler                              0x0800552b   Thumb Code     2  stm32g4xx_it.o(i.NMI_Handler)
    PID_struct_init                          0x0800552d   Thumb Code    48  pid.o(i.PID_struct_init)
    PNG_Init                                 0x08005561   Thumb Code    30  png_task.o(i.PNG_Init)
    PWM_Init                                 0x08005589   Thumb Code   104  user_lib.o(i.PWM_Init)
    Press_Remind                             0x080055fd   Thumb Code    70  button.o(i.Press_Remind)
    SPI2_IRQHandler                          0x080056a1   Thumb Code     6  stm32g4xx_it.o(i.SPI2_IRQHandler)
    STOP_Process                             0x080058c5   Thumb Code    18  button.o(i.STOP_Process)
    SelfTestTask                             0x080058e1   Thumb Code    14  app_freertos.o(i.SelfTestTask)
    Self_Text_Process                        0x080058f5   Thumb Code    86  surface_control_task.o(i.Self_Text_Process)
    Servo_Updata                             0x08005959   Thumb Code    32  surface_control_task.o(i.Servo_Updata)
    Short_Press_Process                      0x0800597d   Thumb Code    90  button.o(i.Short_Press_Process)
    SysTick_Handler                          0x080059e5   Thumb Code    38  port.o(i.SysTick_Handler)
    SystemClock_Config                       0x08005a11   Thumb Code   100  main.o(i.SystemClock_Config)
    SystemInit                               0x08005a75   Thumb Code    12  system_stm32g4xx.o(i.SystemInit)
    TIM1_BRK_TIM15_IRQHandler                0x08005a85   Thumb Code     6  stm32g4xx_it.o(i.TIM1_BRK_TIM15_IRQHandler)
    TIM1_UP_TIM16_IRQHandler                 0x08005a91   Thumb Code     6  stm32g4xx_it.o(i.TIM1_UP_TIM16_IRQHandler)
    TIM6_DAC_IRQHandler                      0x08005a9d   Thumb Code     6  stm32g4xx_it.o(i.TIM6_DAC_IRQHandler)
    TIM7_IRQHandler                          0x08005aa9   Thumb Code     6  stm32g4xx_it.o(i.TIM7_IRQHandler)
    TIM_Base_SetConfig                       0x08005ab5   Thumb Code   156  stm32g4xx_hal_tim.o(i.TIM_Base_SetConfig)
    TIM_CCxChannelCmd                        0x08005b6d   Thumb Code    26  stm32g4xx_hal_tim.o(i.TIM_CCxChannelCmd)
    TIM_ETR_SetConfig                        0x08005b87   Thumb Code    20  stm32g4xx_hal_tim.o(i.TIM_ETR_SetConfig)
    TIM_OC2_SetConfig                        0x08005c55   Thumb Code   128  stm32g4xx_hal_tim.o(i.TIM_OC2_SetConfig)
    TotalControl                             0x08005f99   Thumb Code    22  totalcontrol.o(i.TotalControl)
    TotalControlTask                         0x08005fb5   Thumb Code    12  app_freertos.o(i.TotalControlTask)
    TotalInitTask                            0x08005fc1   Thumb Code    90  init_config.o(i.TotalInitTask)
    Total_Power_Control                      0x08006041   Thumb Code    12  callback_task.o(i.Total_Power_Control)
    UART_AdvFeatureConfig                    0x08006095   Thumb Code   200  stm32g4xx_hal_uart.o(i.UART_AdvFeatureConfig)
    UART_CheckIdleState                      0x0800615d   Thumb Code   170  stm32g4xx_hal_uart.o(i.UART_CheckIdleState)
    UART_SetConfig                           0x08006425   Thumb Code   680  stm32g4xx_hal_uart.o(i.UART_SetConfig)
    UART_Start_Receive_DMA                   0x080066f9   Thumb Code   152  stm32g4xx_hal_uart.o(i.UART_Start_Receive_DMA)
    UART_WaitOnFlagUntilTimeout              0x0800679d   Thumb Code   152  stm32g4xx_hal_uart.o(i.UART_WaitOnFlagUntilTimeout)
    USART1_IRQHandler                        0x08006835   Thumb Code     6  stm32g4xx_it.o(i.USART1_IRQHandler)
    USART2_IRQHandler                        0x08006841   Thumb Code     6  stm32g4xx_it.o(i.USART2_IRQHandler)
    USART3_IRQHandler                        0x0800684d   Thumb Code     6  stm32g4xx_it.o(i.USART3_IRQHandler)
    UsageFault_Handler                       0x08006859   Thumb Code     2  stm32g4xx_it.o(i.UsageFault_Handler)
    Vertical_fin_Control                     0x0800685d   Thumb Code    84  surface_control_task.o(i.Vertical_fin_Control)
    Vision_Handle                            0x080068d9   Thumb Code   150  callback_task.o(i.Vision_Handle)
    Vision_Receive                           0x0800697d   Thumb Code    68  callback_task.o(i.Vision_Receive)
    Vision_Self_Text                         0x080069d1   Thumb Code     6  callback_task.o(i.Vision_Self_Text)
    Vision_Transmit                          0x080069d9   Thumb Code    12  callback_task.o(i.Vision_Transmit)
    Vofa                                     0x080069ed   Thumb Code   192  totalcontrol.o(i.Vofa)
    Vofa_Send_Data24                         0x08006ad5   Thumb Code   148  vofa_send.o(i.Vofa_Send_Data24)
    Wing_Control                             0x08006b71   Thumb Code    32  surface_control_task.o(i.Wing_Control)
    Wing_left_Control                        0x08006b95   Thumb Code   100  surface_control_task.o(i.Wing_left_Control)
    Wing_right_Control                       0x08006c21   Thumb Code   108  surface_control_task.o(i.Wing_right_Control)
    __ARM_fpclassify                         0x08006cb5   Thumb Code    48  fpclassify.o(i.__ARM_fpclassify)
    __hardfp_asin                            0x08006d09   Thumb Code   770  asin.o(i.__hardfp_asin)
    __hardfp_atan                            0x08007069   Thumb Code   622  atan.o(i.__hardfp_atan)
    __hardfp_atan2                           0x08007341   Thumb Code   448  atan2.o(i.__hardfp_atan2)
    __hardfp_sqrt                            0x08007541   Thumb Code   122  sqrt.o(i.__hardfp_sqrt)
    __kernel_poly                            0x080075bb   Thumb Code   248  poly.o(i.__kernel_poly)
    __mathlib_dbl_infnan                     0x080076b3   Thumb Code    20  dunder.o(i.__mathlib_dbl_infnan)
    __mathlib_dbl_infnan2                    0x080076c7   Thumb Code    20  dunder.o(i.__mathlib_dbl_infnan2)
    __mathlib_dbl_invalid                    0x080076e1   Thumb Code    24  dunder.o(i.__mathlib_dbl_invalid)
    __mathlib_dbl_underflow                  0x08007701   Thumb Code    24  dunder.o(i.__mathlib_dbl_underflow)
    abs_limit                                0x08007721   Thumb Code    42  pid.o(i.abs_limit)
    atan                                     0x0800774b   Thumb Code    16  atan.o(i.atan)
    crc8_maxim_with_reflect                  0x08007783   Thumb Code    66  callback_task.o(i.crc8_maxim_with_reflect)
    fabs                                     0x080077c5   Thumb Code    24  fabs.o(i.fabs)
    get_current_State                        0x080077dd   Thumb Code   100  surface_control_task.o(i.get_current_State)
    get_current_Target                       0x08007851   Thumb Code    62  surface_control_task.o(i.get_current_Target)
    kalman_filter_init                       0x0800789d   Thumb Code   242  filter.o(i.kalman_filter_init)
    main                                     0x08007995   Thumb Code    70  main.o(i.main)
    osDelay                                  0x080079e7   Thumb Code    16  cmsis_os.o(i.osDelay)
    osKernelStart                            0x080079f7   Thumb Code    10  cmsis_os.o(i.osKernelStart)
    osThreadCreate                           0x08007a01   Thumb Code    46  cmsis_os.o(i.osThreadCreate)
    osThreadTerminate                        0x08007a2f   Thumb Code    10  cmsis_os.o(i.osThreadTerminate)
    pid_calc                                 0x08007a39   Thumb Code   442  pid.o(i.pid_calc)
    pid_init                                 0x08007bfd   Thumb Code   412  pid.o(i.pid_init)
    pvPortMalloc                             0x08008159   Thumb Code   214  heap_4.o(i.pvPortMalloc)
    pxPortInitialiseStack                    0x08008235   Thumb Code    30  port.o(i.pxPortInitialiseStack)
    sqrt                                     0x08008259   Thumb Code   110  sqrt.o(i.sqrt)
    surface_control_task                     0x080082c9   Thumb Code   328  surface_control_task.o(i.surface_control_task)
    uxListRemove                             0x08008431   Thumb Code    38  list.o(i.uxListRemove)
    vListInitialise                          0x08008457   Thumb Code    22  list.o(i.vListInitialise)
    vListInitialiseItem                      0x0800846d   Thumb Code     6  list.o(i.vListInitialiseItem)
    vListInsert                              0x08008473   Thumb Code    48  list.o(i.vListInsert)
    vListInsertEnd                           0x080084a3   Thumb Code    24  list.o(i.vListInsertEnd)
    vPortEnterCritical                       0x080084bd   Thumb Code    54  port.o(i.vPortEnterCritical)
    vPortExitCritical                        0x080084fd   Thumb Code    38  port.o(i.vPortExitCritical)
    vPortFree                                0x08008529   Thumb Code    94  heap_4.o(i.vPortFree)
    vPortSetupTimerInterrupt                 0x0800858d   Thumb Code    32  port.o(i.vPortSetupTimerInterrupt)
    vTaskDelay                               0x080085b1   Thumb Code    70  tasks.o(i.vTaskDelay)
    vTaskDelete                              0x08008601   Thumb Code   158  tasks.o(i.vTaskDelete)
    vTaskStartScheduler                      0x080086ad   Thumb Code    88  tasks.o(i.vTaskStartScheduler)
    vTaskSuspendAll                          0x08008715   Thumb Code    10  tasks.o(i.vTaskSuspendAll)
    vTaskSwitchContext                       0x08008725   Thumb Code    86  tasks.o(i.vTaskSwitchContext)
    xPortStartScheduler                      0x08008785   Thumb Code   222  port.o(i.xPortStartScheduler)
    xTaskCreate                              0x08008879   Thumb Code    96  tasks.o(i.xTaskCreate)
    xTaskGetTickCount                        0x080088d9   Thumb Code     6  tasks.o(i.xTaskGetTickCount)
    xTaskIncrementTick                       0x080088e5   Thumb Code   198  tasks.o(i.xTaskIncrementTick)
    xTaskResumeAll                           0x080089b5   Thumb Code   192  tasks.o(i.xTaskResumeAll)
    __aeabi_dneg                             0x08008a81   Thumb Code     0  basic.o(x$fpl$basic)
    _dneg                                    0x08008a81   Thumb Code     6  basic.o(x$fpl$basic)
    __aeabi_fneg                             0x08008a87   Thumb Code     0  basic.o(x$fpl$basic)
    _fneg                                    0x08008a87   Thumb Code     6  basic.o(x$fpl$basic)
    _dabs                                    0x08008a8d   Thumb Code     6  basic.o(x$fpl$basic)
    _fabs                                    0x08008a93   Thumb Code     6  basic.o(x$fpl$basic)
    __aeabi_d2f                              0x08008a99   Thumb Code     0  d2f.o(x$fpl$d2f)
    _d2f                                     0x08008a99   Thumb Code    98  d2f.o(x$fpl$d2f)
    __aeabi_dadd                             0x08008afd   Thumb Code     0  daddsub_clz.o(x$fpl$dadd)
    _dadd                                    0x08008afd   Thumb Code   332  daddsub_clz.o(x$fpl$dadd)
    __fpl_dcmp_Inf                           0x08008c4d   Thumb Code    24  dcmpi.o(x$fpl$dcmpinf)
    __aeabi_ddiv                             0x08008c65   Thumb Code     0  ddiv.o(x$fpl$ddiv)
    _ddiv                                    0x08008c65   Thumb Code   552  ddiv.o(x$fpl$ddiv)
    __aeabi_cdcmpeq                          0x08008f15   Thumb Code     0  deqf.o(x$fpl$deqf)
    _dcmpeq                                  0x08008f15   Thumb Code   120  deqf.o(x$fpl$deqf)
    __aeabi_i2d                              0x08008f8d   Thumb Code     0  dflt_clz.o(x$fpl$dflt)
    _dflt                                    0x08008f8d   Thumb Code    46  dflt_clz.o(x$fpl$dflt)
    __aeabi_dmul                             0x08008fbd   Thumb Code     0  dmul.o(x$fpl$dmul)
    _dmul                                    0x08008fbd   Thumb Code   332  dmul.o(x$fpl$dmul)
    __fpl_dnaninf                            0x08009111   Thumb Code   156  dnaninf.o(x$fpl$dnaninf)
    __fpl_dretinf                            0x080091ad   Thumb Code    12  dretinf.o(x$fpl$dretinf)
    __aeabi_drsub                            0x080091b9   Thumb Code     0  daddsub_clz.o(x$fpl$drsb)
    _drsb                                    0x080091b9   Thumb Code    22  daddsub_clz.o(x$fpl$drsb)
    _dsqrt                                   0x080091d1   Thumb Code   404  dsqrt_umaal.o(x$fpl$dsqrt)
    __aeabi_dsub                             0x08009369   Thumb Code     0  daddsub_clz.o(x$fpl$dsub)
    _dsub                                    0x08009369   Thumb Code   464  daddsub_clz.o(x$fpl$dsub)
    __aeabi_f2d                              0x0800953d   Thumb Code     0  f2d.o(x$fpl$f2d)
    _f2d                                     0x0800953d   Thumb Code    86  f2d.o(x$fpl$f2d)
    __fpl_fnaninf                            0x08009593   Thumb Code   140  fnaninf.o(x$fpl$fnaninf)
    _fp_init                                 0x0800961f   Thumb Code    10  fpinit.o(x$fpl$fpinit)
    __fplib_config_fpu_vfp                   0x08009627   Thumb Code     0  fpinit.o(x$fpl$fpinit)
    __fplib_config_pureend_doubles           0x08009627   Thumb Code     0  fpinit.o(x$fpl$fpinit)
    __fpl_fretinf                            0x08009629   Thumb Code    10  fretinf.o(x$fpl$fretinf)
    __I$use$fp                               0x08009632   Number         0  usenofp.o(x$fpl$usenofp)
    UARTPrescTable                           0x08009684   Data          24  stm32g4xx_hal_uart.o(.constdata)
    AHBPrescTable                            0x080096ac   Data          16  system_stm32g4xx.o(.constdata)
    APBPrescTable                            0x080096bc   Data           8  system_stm32g4xx.o(.constdata)
    song_ni                                  0x080096c4   Data          12  buzzer.o(.constdata)
    __mathlib_zero                           0x080097b8   Data           8  qnan.o(.constdata)
    Region$$Table$$Base                      0x080097fc   Number         0  anon$$obj.o(Region$$Table)
    Region$$Table$$Limit                     0x0800981c   Number         0  anon$$obj.o(Region$$Table)
    ADC_Voltage_Real                         0x20000000   Data           4  app_freertos.o(.data)
    Init_TaskHandle                          0x20000004   Data           4  app_freertos.o(.data)
    SelfTest_TaskHandle                      0x20000008   Data           4  app_freertos.o(.data)
    IMU_TaskHandle                           0x2000000c   Data           4  app_freertos.o(.data)
    Total_Control_TaskHandle                 0x20000010   Data           4  app_freertos.o(.data)
    uwTickPrio                               0x20000014   Data           4  stm32g4xx_hal.o(.data)
    uwTickFreq                               0x20000018   Data           4  stm32g4xx_hal.o(.data)
    uwTick                                   0x2000001c   Data           4  stm32g4xx_hal.o(.data)
    SystemCoreClock                          0x20000020   Data           4  system_stm32g4xx.o(.data)
    Long_notes                               0x20000024   Data          80  button.o(.data)
    Short_notes                              0x20000074   Data          80  button.o(.data)
    current_count                            0x200000c8   Data           4  buzzer.o(.data)
    Buzzer_message                           0x200000cc   Data          24  buzzer.o(.data)
    flag                                     0x20001124   Data           1  callback_task.o(.data)
    Vision_Tx_Buf                            0x20001125   Data           3  callback_task.o(.data)
    Trigger_Tx_Buf                           0x20001128   Data           5  callback_task.o(.data)
    Vision_Rx_Buf                            0x2000112d   Data           6  callback_task.o(.data)
    Rx_Buf                                   0x20001133   Data           7  callback_task.o(.data)
    Dart_Trigger_Data                        0x2000113a   Data          12  callback_task.o(.data)
    receiveflag                              0x20001146   Data           1  imu.o(.data)
    Wing_Servo_Control_Flag                  0x20001148   Data           1  surface_control_task.o(.data)
    Guidance_State                           0x20001149   Data           1  surface_control_task.o(.data)
    end_cnt                                  0x2000114a   Data           2  surface_control_task.o(.data)
    Self_Text                                0x20001150   Data           8  surface_control_task.o(.data)
    matrix_value1                            0x20001160   Data           4  filter.o(.data)
    matrix_value2                            0x20001164   Data           4  filter.o(.data)
    matrix_value3                            0x20001168   Data           4  filter.o(.data)
    I_mat                                    0x20001184   Data           8  filter.o(.data)
    I_mat_4                                  0x2000118c   Data           8  filter.o(.data)
    I_data                                   0x20001194   Data          36  filter.o(.data)
    I_data_4                                 0x200011b8   Data          16  filter.o(.data)
    V_KF_Init_x                              0x200011c8   Data         180  filter.o(.data)
    V_KF_Init_y                              0x2000127c   Data         180  filter.o(.data)
    V_KF_Init_z                              0x20001330   Data         180  filter.o(.data)
    Vofa_data_2                              0x200013e4   Data          12  vofa_send.o(.data)
    Vofa_data_4                              0x200013f0   Data          20  vofa_send.o(.data)
    Vofa_data_8                              0x20001404   Data          36  vofa_send.o(.data)
    Vofa_data_16                             0x20001428   Data          68  vofa_send.o(.data)
    Vofa_data_24                             0x2000146c   Data         100  vofa_send.o(.data)
    Vofa_data_32                             0x200014d0   Data         132  vofa_send.o(.data)
    pxCurrentTCB                             0x20001554   Data           4  tasks.o(.data)
    hadc2                                    0x200015bc   Data         108  adc.o(.bss)
    hdma_adc2                                0x20001628   Data          96  adc.o(.bss)
    hspi2                                    0x20001688   Data         100  spi.o(.bss)
    htim2                                    0x200016ec   Data          76  tim.o(.bss)
    htim3                                    0x20001738   Data          76  tim.o(.bss)
    htim4                                    0x20001784   Data          76  tim.o(.bss)
    htim6                                    0x200017d0   Data          76  tim.o(.bss)
    htim7                                    0x2000181c   Data          76  tim.o(.bss)
    htim15                                   0x20001868   Data          76  tim.o(.bss)
    huart1                                   0x200018b4   Data         148  usart.o(.bss)
    huart2                                   0x20001948   Data         148  usart.o(.bss)
    huart3                                   0x200019dc   Data         148  usart.o(.bss)
    hdma_usart1_rx                           0x20001a70   Data          96  usart.o(.bss)
    hdma_usart1_tx                           0x20001ad0   Data          96  usart.o(.bss)
    hdma_usart2_rx                           0x20001b30   Data          96  usart.o(.bss)
    hdma_usart2_tx                           0x20001b90   Data          96  usart.o(.bss)
    hdma_usart3_tx                           0x20001bf0   Data          96  usart.o(.bss)
    hdma_usart3_rx                           0x20001c50   Data          96  usart.o(.bss)
    htim1                                    0x20001cb0   Data          76  stm32g4xx_hal_timebase_tim.o(.bss)
    Button_Data                              0x20001cfc   Data          40  button.o(.bss)
    Trigger_Rx_Buf                           0x20001d24   Data          10  callback_task.o(.bss)
    Vision_Rx_Data                           0x20001d2e   Data          16  callback_task.o(.bss)
    IMU_Data                                 0x20001d40   Data         332  imu.o(.bss)
    PNG_Data                                 0x20001e8c   Data          56  png_task.o(.bss)
    Surface                                  0x20001ec4   Data         220  surface_control_task.o(.bss)
    Battery_Buf                              0x20001fa0   Data          32  adc_battery.o(.bss)
    V_KF_x                                   0x20001fd0   Data         108  filter.o(.bss)
    V_KF_y                                   0x2000203c   Data         108  filter.o(.bss)
    V_KF_z                                   0x200020a8   Data         108  filter.o(.bss)
    ADC_Battery_Kalman_Filter                0x20002114   Data          12  filter.o(.bss)
    IMU_Kalman_Filter                        0x20002120   Data          72  filter.o(.bss)
    surface_control_pid                      0x20002168   Data         648  pid.o(.bss)
    mahony_pid                               0x200023f0   Data         324  pid.o(.bss)
    temp                                     0x20002534   Data          12  pid.o(.bss)
    __libspace_start                         0x20006230   Data          96  libspace.o(.bss)
    __temporary_stack_top$libspace           0x20006290   Data           0  libspace.o(.bss)



==============================================================================

Memory Map of the image

  Image Entry point : 0x080001d9

  Load Region LR_IROM1 (Base: 0x08000000, Size: 0x0000add8, Max: 0x00020000, ABSOLUTE, COMPRESSED[0x00009a40])

    Execution Region ER_IROM1 (Exec base: 0x08000000, Load base: 0x08000000, Size: 0x0000981c, Max: 0x00020000, ABSOLUTE)

    Exec Addr    Load Addr    Size         Type   Attr      Idx    E Section Name        Object

    0x08000000   0x08000000   0x000001d8   Data   RO            3    RESET               startup_stm32g431xx.o
    0x080001d8   0x080001d8   0x00000008   Code   RO         7376  * !!!main             c_w.l(__main.o)
    0x080001e0   0x080001e0   0x00000034   Code   RO         7717    !!!scatter          c_w.l(__scatter.o)
    0x08000214   0x08000214   0x00000064   Code   RO         7715    !!dclz77c           c_w.l(__dclz77c.o)
    0x08000278   0x08000278   0x0000001c   Code   RO         7719    !!handler_zi        c_w.l(__scatter_zi.o)
    0x08000294   0x08000294   0x00000002   Code   RO         7586    .ARM.Collect$$libinit$$00000000  c_w.l(libinit.o)
    0x08000296   0x08000296   0x00000004   Code   RO         7595    .ARM.Collect$$libinit$$00000001  c_w.l(libinit2.o)
    0x0800029a   0x0800029a   0x00000000   Code   RO         7598    .ARM.Collect$$libinit$$00000004  c_w.l(libinit2.o)
    0x0800029a   0x0800029a   0x00000000   Code   RO         7601    .ARM.Collect$$libinit$$0000000A  c_w.l(libinit2.o)
    0x0800029a   0x0800029a   0x00000000   Code   RO         7603    .ARM.Collect$$libinit$$0000000C  c_w.l(libinit2.o)
    0x0800029a   0x0800029a   0x00000000   Code   RO         7605    .ARM.Collect$$libinit$$0000000E  c_w.l(libinit2.o)
    0x0800029a   0x0800029a   0x00000000   Code   RO         7608    .ARM.Collect$$libinit$$00000011  c_w.l(libinit2.o)
    0x0800029a   0x0800029a   0x00000000   Code   RO         7610    .ARM.Collect$$libinit$$00000013  c_w.l(libinit2.o)
    0x0800029a   0x0800029a   0x00000000   Code   RO         7612    .ARM.Collect$$libinit$$00000015  c_w.l(libinit2.o)
    0x0800029a   0x0800029a   0x00000000   Code   RO         7614    .ARM.Collect$$libinit$$00000017  c_w.l(libinit2.o)
    0x0800029a   0x0800029a   0x00000000   Code   RO         7616    .ARM.Collect$$libinit$$00000019  c_w.l(libinit2.o)
    0x0800029a   0x0800029a   0x00000000   Code   RO         7618    .ARM.Collect$$libinit$$0000001B  c_w.l(libinit2.o)
    0x0800029a   0x0800029a   0x00000000   Code   RO         7620    .ARM.Collect$$libinit$$0000001D  c_w.l(libinit2.o)
    0x0800029a   0x0800029a   0x00000000   Code   RO         7622    .ARM.Collect$$libinit$$0000001F  c_w.l(libinit2.o)
    0x0800029a   0x0800029a   0x00000000   Code   RO         7624    .ARM.Collect$$libinit$$00000021  c_w.l(libinit2.o)
    0x0800029a   0x0800029a   0x00000000   Code   RO         7626    .ARM.Collect$$libinit$$00000023  c_w.l(libinit2.o)
    0x0800029a   0x0800029a   0x00000000   Code   RO         7628    .ARM.Collect$$libinit$$00000025  c_w.l(libinit2.o)
    0x0800029a   0x0800029a   0x00000000   Code   RO         7632    .ARM.Collect$$libinit$$0000002C  c_w.l(libinit2.o)
    0x0800029a   0x0800029a   0x00000000   Code   RO         7634    .ARM.Collect$$libinit$$0000002E  c_w.l(libinit2.o)
    0x0800029a   0x0800029a   0x00000000   Code   RO         7636    .ARM.Collect$$libinit$$00000030  c_w.l(libinit2.o)
    0x0800029a   0x0800029a   0x00000000   Code   RO         7638    .ARM.Collect$$libinit$$00000032  c_w.l(libinit2.o)
    0x0800029a   0x0800029a   0x00000002   Code   RO         7639    .ARM.Collect$$libinit$$00000033  c_w.l(libinit2.o)
    0x0800029c   0x0800029c   0x00000002   Code   RO         7670    .ARM.Collect$$libshutdown$$00000000  c_w.l(libshutdown.o)
    0x0800029e   0x0800029e   0x00000000   Code   RO         7696    .ARM.Collect$$libshutdown$$00000002  c_w.l(libshutdown2.o)
    0x0800029e   0x0800029e   0x00000000   Code   RO         7698    .ARM.Collect$$libshutdown$$00000004  c_w.l(libshutdown2.o)
    0x0800029e   0x0800029e   0x00000000   Code   RO         7700    .ARM.Collect$$libshutdown$$00000006  c_w.l(libshutdown2.o)
    0x0800029e   0x0800029e   0x00000000   Code   RO         7703    .ARM.Collect$$libshutdown$$00000009  c_w.l(libshutdown2.o)
    0x0800029e   0x0800029e   0x00000000   Code   RO         7706    .ARM.Collect$$libshutdown$$0000000C  c_w.l(libshutdown2.o)
    0x0800029e   0x0800029e   0x00000000   Code   RO         7708    .ARM.Collect$$libshutdown$$0000000E  c_w.l(libshutdown2.o)
    0x0800029e   0x0800029e   0x00000000   Code   RO         7711    .ARM.Collect$$libshutdown$$00000011  c_w.l(libshutdown2.o)
    0x0800029e   0x0800029e   0x00000002   Code   RO         7712    .ARM.Collect$$libshutdown$$00000012  c_w.l(libshutdown2.o)
    0x080002a0   0x080002a0   0x00000000   Code   RO         7456    .ARM.Collect$$rtentry$$00000000  c_w.l(__rtentry.o)
    0x080002a0   0x080002a0   0x00000000   Code   RO         7547    .ARM.Collect$$rtentry$$00000002  c_w.l(__rtentry2.o)
    0x080002a0   0x080002a0   0x00000006   Code   RO         7559    .ARM.Collect$$rtentry$$00000004  c_w.l(__rtentry4.o)
    0x080002a6   0x080002a6   0x00000000   Code   RO         7549    .ARM.Collect$$rtentry$$00000009  c_w.l(__rtentry2.o)
    0x080002a6   0x080002a6   0x00000004   Code   RO         7550    .ARM.Collect$$rtentry$$0000000A  c_w.l(__rtentry2.o)
    0x080002aa   0x080002aa   0x00000000   Code   RO         7552    .ARM.Collect$$rtentry$$0000000C  c_w.l(__rtentry2.o)
    0x080002aa   0x080002aa   0x00000008   Code   RO         7553    .ARM.Collect$$rtentry$$0000000D  c_w.l(__rtentry2.o)
    0x080002b2   0x080002b2   0x00000002   Code   RO         7587    .ARM.Collect$$rtexit$$00000000  c_w.l(rtexit.o)
    0x080002b4   0x080002b4   0x00000000   Code   RO         7643    .ARM.Collect$$rtexit$$00000002  c_w.l(rtexit2.o)
    0x080002b4   0x080002b4   0x00000004   Code   RO         7644    .ARM.Collect$$rtexit$$00000003  c_w.l(rtexit2.o)
    0x080002b8   0x080002b8   0x00000006   Code   RO         7645    .ARM.Collect$$rtexit$$00000004  c_w.l(rtexit2.o)
    0x080002be   0x080002be   0x00000002   PAD
    0x080002c0   0x080002c0   0x000000be   Code   RO         7228    .emb_text           port.o
    0x0800037e   0x0800037e   0x00000002   PAD
    0x08000380   0x08000380   0x00000040   Code   RO            4    .text               startup_stm32g431xx.o
    0x080003c0   0x080003c0   0x000000ee   Code   RO         7360    .text               c_w.l(lludivv7m.o)
    0x080004ae   0x080004ae   0x00000064   Code   RO         7366    .text               c_w.l(rt_memcpy_w.o)
    0x08000512   0x08000512   0x00000010   Code   RO         7370    .text               c_w.l(aeabi_memset.o)
    0x08000522   0x08000522   0x0000004e   Code   RO         7372    .text               c_w.l(rt_memclr_w.o)
    0x08000570   0x08000570   0x00000006   Code   RO         7374    .text               c_w.l(heapauxi.o)
    0x08000576   0x08000576   0x00000016   Code   RO         7461    .text               c_w.l(_rserrno.o)
    0x0800058c   0x0800058c   0x00000044   Code   RO         7463    .text               c_w.l(rt_memclr.o)
    0x080005d0   0x080005d0   0x00000008   Code   RO         7566    .text               c_w.l(rt_errno_addr_intlibspace.o)
    0x080005d8   0x080005d8   0x00000008   Code   RO         7570    .text               c_w.l(libspace.o)
    0x080005e0   0x080005e0   0x0000004a   Code   RO         7573    .text               c_w.l(sys_stackheap_outer.o)
    0x0800062a   0x0800062a   0x00000012   Code   RO         7575    .text               c_w.l(exit.o)
    0x0800063c   0x0800063c   0x0000000c   Code   RO         7640    .text               c_w.l(sys_exit.o)
    0x08000648   0x08000648   0x00000002   Code   RO         7659    .text               c_w.l(use_no_semi.o)
    0x0800064a   0x0800064a   0x00000000   Code   RO         7661    .text               c_w.l(indicate_semi.o)
    0x0800064a   0x0800064a   0x00000008   Code   RO         7315    .text.arm_mat_init_f32  arm_cortexM4lf_math.lib(arm_mat_init_f32.o)
    0x08000652   0x08000652   0x00000002   PAD
    0x08000654   0x08000654   0x000000a2   Code   RO         7350    .text.arm_mat_trans_f32  arm_cortexM4lf_math.lib(arm_mat_trans_f32.o)
    0x080006f6   0x080006f6   0x00000010   Code   RO         5770    i.ABS               pid.o
    0x08000706   0x08000706   0x00000002   PAD
    0x08000708   0x08000708   0x0000000c   Code   RO          596    i.ADC1_2_IRQHandler  stm32g4xx_it.o
    0x08000714   0x08000714   0x0000007e   Code   RO         1976    i.ADC_DMAConvCplt   stm32g4xx_hal_adc.o
    0x08000792   0x08000792   0x0000001a   Code   RO         1977    i.ADC_DMAError      stm32g4xx_hal_adc.o
    0x080007ac   0x080007ac   0x0000000a   Code   RO         1978    i.ADC_DMAHalfConvCplt  stm32g4xx_hal_adc.o
    0x080007b6   0x080007b6   0x00000002   PAD
    0x080007b8   0x080007b8   0x00000084   Code   RO         1979    i.ADC_Disable       stm32g4xx_hal_adc.o
    0x0800083c   0x0800083c   0x000000c8   Code   RO         1980    i.ADC_Enable        stm32g4xx_hal_adc.o
    0x08000904   0x08000904   0x00000054   Code   RO         5633    i.ADC_GET_REAL_VALUE  adc_battery.o
    0x08000958   0x08000958   0x00000034   Code   RO         5634    i.ADC_Init          adc_battery.o
    0x0800098c   0x0800098c   0x00000016   Code   RO         5237    i.ALL_CS_Free       imu.o
    0x080009a2   0x080009a2   0x00000002   PAD
    0x080009a4   0x080009a4   0x00000010   Code   RO         5238    i.BMX055_CS_ACC_Free  imu.o
    0x080009b4   0x080009b4   0x00000010   Code   RO         5239    i.BMX055_CS_ACC_Select  imu.o
    0x080009c4   0x080009c4   0x0000001a   Code   RO         5240    i.BMX055_CS_Free    imu.o
    0x080009de   0x080009de   0x0000000c   Code   RO         5241    i.BMX055_CS_GYR_Free  imu.o
    0x080009ea   0x080009ea   0x0000000e   Code   RO         5242    i.BMX055_CS_GYR_Select  imu.o
    0x080009f8   0x080009f8   0x00000010   Code   RO         5243    i.BMX055_CS_HIGH_ACC_Free  imu.o
    0x08000a08   0x08000a08   0x0000000c   Code   RO         5244    i.BMX055_CS_MAG_Free  imu.o
    0x08000a14   0x08000a14   0x0000000e   Code   RO         5245    i.BMX055_CS_MAG_Select  imu.o
    0x08000a22   0x08000a22   0x0000001a   Code   RO         5246    i.BMX055_CS_Select  imu.o
    0x08000a3c   0x08000a3c   0x00000042   Code   RO         5247    i.BMX055_Init_Acc_Gyr  imu.o
    0x08000a7e   0x08000a7e   0x00000002   PAD
    0x08000a80   0x08000a80   0x000002a8   Code   RO         5249    i.BMX055_Read       imu.o
    0x08000d28   0x08000d28   0x00000048   Code   RO         5250    i.BMX055_Write      imu.o
    0x08000d70   0x08000d70   0x00000002   Code   RO          597    i.BusFault_Handler  stm32g4xx_it.o
    0x08000d72   0x08000d72   0x00000002   PAD
    0x08000d74   0x08000d74   0x00000040   Code   RO         4934    i.Button_Detect     button.o
    0x08000db4   0x08000db4   0x0000001c   Code   RO         5023    i.Buzzer_play_song  buzzer.o
    0x08000dd0   0x08000dd0   0x000000f0   Code   RO         5024    i.Buzzer_play_task  buzzer.o
    0x08000ec0   0x08000ec0   0x00000048   Code   RO         5025    i.Buzzer_set_frequency  buzzer.o
    0x08000f08   0x08000f08   0x00000018   Code   RO         5026    i.Buzzer_stop       buzzer.o
    0x08000f20   0x08000f20   0x00000030   Code   RO         5027    i.Calculate_note_duration  buzzer.o
    0x08000f50   0x08000f50   0x0000000c   Code   RO          598    i.DMA1_Channel1_IRQHandler  stm32g4xx_it.o
    0x08000f5c   0x08000f5c   0x0000000c   Code   RO          599    i.DMA1_Channel2_IRQHandler  stm32g4xx_it.o
    0x08000f68   0x08000f68   0x0000000c   Code   RO          600    i.DMA1_Channel3_IRQHandler  stm32g4xx_it.o
    0x08000f74   0x08000f74   0x0000000c   Code   RO          601    i.DMA1_Channel4_IRQHandler  stm32g4xx_it.o
    0x08000f80   0x08000f80   0x0000000c   Code   RO          602    i.DMA1_Channel5_IRQHandler  stm32g4xx_it.o
    0x08000f8c   0x08000f8c   0x0000000c   Code   RO          603    i.DMA1_Channel6_IRQHandler  stm32g4xx_it.o
    0x08000f98   0x08000f98   0x0000000c   Code   RO          604    i.DMA2_Channel1_IRQHandler  stm32g4xx_it.o
    0x08000fa4   0x08000fa4   0x00000048   Code   RO         3343    i.DMA_CalcDMAMUXChannelBaseAndMask  stm32g4xx_hal_dma.o
    0x08000fec   0x08000fec   0x00000028   Code   RO         3344    i.DMA_CalcDMAMUXRequestGenBaseAndMask  stm32g4xx_hal_dma.o
    0x08001014   0x08001014   0x00000042   Code   RO         3345    i.DMA_SetConfig     stm32g4xx_hal_dma.o
    0x08001056   0x08001056   0x00000002   PAD
    0x08001058   0x08001058   0x0000001c   Code   RO         5092    i.Dart_Trigger_Communicate  callback_task.o
    0x08001074   0x08001074   0x00000010   Code   RO         5093    i.Dart_Trigger_Power_Control  callback_task.o
    0x08001084   0x08001084   0x00000064   Code   RO         5094    i.Dart_Trigger_Receive  callback_task.o
    0x080010e8   0x080010e8   0x00000010   Code   RO         5095    i.Dart_Trigger_Self_Text  callback_task.o
    0x080010f8   0x080010f8   0x00000014   Code   RO         5096    i.Dart_Trigger_State_Check  callback_task.o
    0x0800110c   0x0800110c   0x0000007c   Code   RO         5097    i.Dart_Trigger_Transmit  callback_task.o
    0x08001188   0x08001188   0x00000014   Code   RO         5098    i.Dart_Trriger_Color_Set  callback_task.o
    0x0800119c   0x0800119c   0x0000000e   Code   RO         5479    i.Data_Updata       surface_control_task.o
    0x080011aa   0x080011aa   0x00000002   PAD
    0x080011ac   0x080011ac   0x00000058   Code   RO         4935    i.Debounce_and_Judge  button.o
    0x08001204   0x08001204   0x00000002   Code   RO          605    i.DebugMon_Handler  stm32g4xx_it.o
    0x08001206   0x08001206   0x00000006   Code   RO          606    i.EXTI9_5_IRQHandler  stm32g4xx_it.o
    0x0800120c   0x0800120c   0x00000004   Code   RO           13    i.Error_Handler     main.o
    0x08001210   0x08001210   0x00000034   Code   RO         5480    i.Euler_Updata      surface_control_task.o
    0x08001244   0x08001244   0x0000006c   Code   RO         5771    i.Euler_pid_Cale    pid.o
    0x080012b0   0x080012b0   0x000000c8   Code   RO         4936    i.Event_Process     button.o
    0x08001378   0x08001378   0x0000002a   Code   RO         5773    i.FeedForwardParamInit  pid.o
    0x080013a2   0x080013a2   0x00000002   PAD
    0x080013a4   0x080013a4   0x00000024   Code   RO         5481    i.Guidance_End      surface_control_task.o
    0x080013c8   0x080013c8   0x00000014   Code   RO         5482    i.Guidance_Stable   surface_control_task.o
    0x080013dc   0x080013dc   0x0000002c   Code   RO         5483    i.Guidance_Start    surface_control_task.o
    0x08001408   0x08001408   0x000000a4   Code   RO         5484    i.Guidance_Terminal  surface_control_task.o
    0x080014ac   0x080014ac   0x0000009c   Code   RO         2218    i.HAL_ADCEx_Calibration_Start  stm32g4xx_hal_adc_ex.o
    0x08001548   0x08001548   0x00000002   Code   RO         2222    i.HAL_ADCEx_EndOfSamplingCallback  stm32g4xx_hal_adc_ex.o
    0x0800154a   0x0800154a   0x00000002   Code   RO         2225    i.HAL_ADCEx_InjectedConvCpltCallback  stm32g4xx_hal_adc_ex.o
    0x0800154c   0x0800154c   0x00000002   Code   RO         2228    i.HAL_ADCEx_InjectedQueueOverflowCallback  stm32g4xx_hal_adc_ex.o
    0x0800154e   0x0800154e   0x00000002   Code   RO         2233    i.HAL_ADCEx_LevelOutOfWindow2Callback  stm32g4xx_hal_adc_ex.o
    0x08001550   0x08001550   0x00000002   Code   RO         2234    i.HAL_ADCEx_LevelOutOfWindow3Callback  stm32g4xx_hal_adc_ex.o
    0x08001552   0x08001552   0x00000002   PAD
    0x08001554   0x08001554   0x00000434   Code   RO         1982    i.HAL_ADC_ConfigChannel  stm32g4xx_hal_adc.o
    0x08001988   0x08001988   0x00000002   Code   RO         1983    i.HAL_ADC_ConvCpltCallback  stm32g4xx_hal_adc.o
    0x0800198a   0x0800198a   0x00000002   Code   RO         1984    i.HAL_ADC_ConvHalfCpltCallback  stm32g4xx_hal_adc.o
    0x0800198c   0x0800198c   0x00000002   Code   RO         1986    i.HAL_ADC_ErrorCallback  stm32g4xx_hal_adc.o
    0x0800198e   0x0800198e   0x00000002   PAD
    0x08001990   0x08001990   0x00000284   Code   RO         1990    i.HAL_ADC_IRQHandler  stm32g4xx_hal_adc.o
    0x08001c14   0x08001c14   0x00000200   Code   RO         1991    i.HAL_ADC_Init      stm32g4xx_hal_adc.o
    0x08001e14   0x08001e14   0x00000002   Code   RO         1992    i.HAL_ADC_LevelOutOfWindowCallback  stm32g4xx_hal_adc.o
    0x08001e16   0x08001e16   0x00000002   PAD
    0x08001e18   0x08001e18   0x000000bc   Code   RO          357    i.HAL_ADC_MspInit   adc.o
    0x08001ed4   0x08001ed4   0x000000f8   Code   RO         1999    i.HAL_ADC_Start_DMA  stm32g4xx_hal_adc.o
    0x08001fcc   0x08001fcc   0x00000070   Code   RO         3346    i.HAL_DMA_Abort     stm32g4xx_hal_dma.o
    0x0800203c   0x0800203c   0x00000076   Code   RO         3347    i.HAL_DMA_Abort_IT  stm32g4xx_hal_dma.o
    0x080020b2   0x080020b2   0x000000cc   Code   RO         3351    i.HAL_DMA_IRQHandler  stm32g4xx_hal_dma.o
    0x0800217e   0x0800217e   0x00000002   PAD
    0x08002180   0x08002180   0x000000c4   Code   RO         3352    i.HAL_DMA_Init      stm32g4xx_hal_dma.o
    0x08002244   0x08002244   0x00000090   Code   RO         3356    i.HAL_DMA_Start_IT  stm32g4xx_hal_dma.o
    0x080022d4   0x080022d4   0x0000003c   Code   RO         5099    i.HAL_GPIO_EXTI_Callback  callback_task.o
    0x08002310   0x08002310   0x00000018   Code   RO         3207    i.HAL_GPIO_EXTI_IRQHandler  stm32g4xx_hal_gpio.o
    0x08002328   0x08002328   0x000001b8   Code   RO         3208    i.HAL_GPIO_Init     stm32g4xx_hal_gpio.o
    0x080024e0   0x080024e0   0x0000000e   Code   RO         3210    i.HAL_GPIO_ReadPin  stm32g4xx_hal_gpio.o
    0x080024ee   0x080024ee   0x0000000c   Code   RO         3212    i.HAL_GPIO_WritePin  stm32g4xx_hal_gpio.o
    0x080024fa   0x080024fa   0x00000002   PAD
    0x080024fc   0x080024fc   0x0000000c   Code   RO         2443    i.HAL_GetTick       stm32g4xx_hal.o
    0x08002508   0x08002508   0x0000004a   Code   RO         4348    i.HAL_HalfDuplex_EnableReceiver  stm32g4xx_hal_uart.o
    0x08002552   0x08002552   0x0000004a   Code   RO         4349    i.HAL_HalfDuplex_EnableTransmitter  stm32g4xx_hal_uart.o
    0x0800259c   0x0800259c   0x0000007a   Code   RO         4350    i.HAL_HalfDuplex_Init  stm32g4xx_hal_uart.o
    0x08002616   0x08002616   0x00000002   PAD
    0x08002618   0x08002618   0x00000010   Code   RO         2449    i.HAL_IncTick       stm32g4xx_hal.o
    0x08002628   0x08002628   0x0000001e   Code   RO         2450    i.HAL_Init          stm32g4xx_hal.o
    0x08002646   0x08002646   0x00000002   PAD
    0x08002648   0x08002648   0x00000088   Code   RO          780    i.HAL_InitTick      stm32g4xx_hal_timebase_tim.o
    0x080026d0   0x080026d0   0x0000003c   Code   RO          756    i.HAL_MspInit       stm32g4xx_hal_msp.o
    0x0800270c   0x0800270c   0x0000001a   Code   RO         3857    i.HAL_NVIC_EnableIRQ  stm32g4xx_hal_cortex.o
    0x08002726   0x08002726   0x00000002   PAD
    0x08002728   0x08002728   0x00000040   Code   RO         3863    i.HAL_NVIC_SetPriority  stm32g4xx_hal_cortex.o
    0x08002768   0x08002768   0x00000024   Code   RO         3864    i.HAL_NVIC_SetPriorityGrouping  stm32g4xx_hal_cortex.o
    0x0800278c   0x0800278c   0x000000cc   Code   RO         3611    i.HAL_PWREx_ControlVoltageScaling  stm32g4xx_hal_pwr_ex.o
    0x08002858   0x08002858   0x00000010   Code   RO         3623    i.HAL_PWREx_DisableUCPDDeadBattery  stm32g4xx_hal_pwr_ex.o
    0x08002868   0x08002868   0x00000298   Code   RO         2815    i.HAL_RCCEx_PeriphCLKConfig  stm32g4xx_hal_rcc_ex.o
    0x08002b00   0x08002b00   0x000001c8   Code   RO         2685    i.HAL_RCC_ClockConfig  stm32g4xx_hal_rcc.o
    0x08002cc8   0x08002cc8   0x0000003c   Code   RO         2690    i.HAL_RCC_GetClockConfig  stm32g4xx_hal_rcc.o
    0x08002d04   0x08002d04   0x0000000c   Code   RO         2691    i.HAL_RCC_GetHCLKFreq  stm32g4xx_hal_rcc.o
    0x08002d10   0x08002d10   0x00000024   Code   RO         2693    i.HAL_RCC_GetPCLK1Freq  stm32g4xx_hal_rcc.o
    0x08002d34   0x08002d34   0x00000024   Code   RO         2694    i.HAL_RCC_GetPCLK2Freq  stm32g4xx_hal_rcc.o
    0x08002d58   0x08002d58   0x00000078   Code   RO         2695    i.HAL_RCC_GetSysClockFreq  stm32g4xx_hal_rcc.o
    0x08002dd0   0x08002dd0   0x00000450   Code   RO         2698    i.HAL_RCC_OscConfig  stm32g4xx_hal_rcc.o
    0x08003220   0x08003220   0x00000002   Code   RO         4004    i.HAL_SPI_ErrorCallback  stm32g4xx_hal_spi.o
    0x08003222   0x08003222   0x00000002   PAD
    0x08003224   0x08003224   0x00000104   Code   RO         4007    i.HAL_SPI_IRQHandler  stm32g4xx_hal_spi.o
    0x08003328   0x08003328   0x000000ec   Code   RO         4008    i.HAL_SPI_Init      stm32g4xx_hal_spi.o
    0x08003414   0x08003414   0x00000074   Code   RO          423    i.HAL_SPI_MspInit   spi.o
    0x08003488   0x08003488   0x00000282   Code   RO         4017    i.HAL_SPI_TransmitReceive  stm32g4xx_hal_spi.o
    0x0800370a   0x0800370a   0x00000002   Code   RO         1546    i.HAL_TIMEx_Break2Callback  stm32g4xx_hal_tim_ex.o
    0x0800370c   0x0800370c   0x00000002   Code   RO         1547    i.HAL_TIMEx_BreakCallback  stm32g4xx_hal_tim_ex.o
    0x0800370e   0x0800370e   0x00000002   Code   RO         1548    i.HAL_TIMEx_CommutCallback  stm32g4xx_hal_tim_ex.o
    0x08003710   0x08003710   0x00000002   Code   RO         1559    i.HAL_TIMEx_DirectionChangeCallback  stm32g4xx_hal_tim_ex.o
    0x08003712   0x08003712   0x00000002   Code   RO         1573    i.HAL_TIMEx_EncoderIndexCallback  stm32g4xx_hal_tim_ex.o
    0x08003714   0x08003714   0x00000002   Code   RO         1587    i.HAL_TIMEx_IndexErrorCallback  stm32g4xx_hal_tim_ex.o
    0x08003716   0x08003716   0x00000002   PAD
    0x08003718   0x08003718   0x00000090   Code   RO         1588    i.HAL_TIMEx_MasterConfigSynchronization  stm32g4xx_hal_tim_ex.o
    0x080037a8   0x080037a8   0x00000002   Code   RO         1609    i.HAL_TIMEx_TransitionErrorCallback  stm32g4xx_hal_tim_ex.o
    0x080037aa   0x080037aa   0x0000004e   Code   RO          821    i.HAL_TIM_Base_Init  stm32g4xx_hal_tim.o
    0x080037f8   0x080037f8   0x000000e4   Code   RO          465    i.HAL_TIM_Base_MspInit  tim.o
    0x080038dc   0x080038dc   0x00000080   Code   RO          826    i.HAL_TIM_Base_Start_IT  stm32g4xx_hal_tim.o
    0x0800395c   0x0800395c   0x00000034   Code   RO          829    i.HAL_TIM_Base_Stop_IT  stm32g4xx_hal_tim.o
    0x08003990   0x08003990   0x0000010c   Code   RO          830    i.HAL_TIM_ConfigClockSource  stm32g4xx_hal_tim.o
    0x08003a9c   0x08003a9c   0x00000002   Code   RO          855    i.HAL_TIM_IC_CaptureCallback  stm32g4xx_hal_tim.o
    0x08003a9e   0x08003a9e   0x000001aa   Code   RO          869    i.HAL_TIM_IRQHandler  stm32g4xx_hal_tim.o
    0x08003c48   0x08003c48   0x000000b0   Code   RO          466    i.HAL_TIM_MspPostInit  tim.o
    0x08003cf8   0x08003cf8   0x00000002   Code   RO          872    i.HAL_TIM_OC_DelayElapsedCallback  stm32g4xx_hal_tim.o
    0x08003cfa   0x08003cfa   0x00000136   Code   RO          893    i.HAL_TIM_PWM_ConfigChannel  stm32g4xx_hal_tim.o
    0x08003e30   0x08003e30   0x0000004e   Code   RO          896    i.HAL_TIM_PWM_Init  stm32g4xx_hal_tim.o
    0x08003e7e   0x08003e7e   0x00000002   Code   RO          898    i.HAL_TIM_PWM_MspInit  stm32g4xx_hal_tim.o
    0x08003e80   0x08003e80   0x00000002   Code   RO          899    i.HAL_TIM_PWM_PulseFinishedCallback  stm32g4xx_hal_tim.o
    0x08003e82   0x08003e82   0x00000002   PAD
    0x08003e84   0x08003e84   0x00000110   Code   RO          901    i.HAL_TIM_PWM_Start  stm32g4xx_hal_tim.o
    0x08003f94   0x08003f94   0x00000034   Code   RO         5100    i.HAL_TIM_PeriodElapsedCallback  callback_task.o
    0x08003fc8   0x08003fc8   0x00000002   Code   RO          912    i.HAL_TIM_TriggerCallback  stm32g4xx_hal_tim.o
    0x08003fca   0x08003fca   0x0000003e   Code   RO         4773    i.HAL_UARTEx_DisableFifoMode  stm32g4xx_hal_uart_ex.o
    0x08004008   0x08004008   0x00000002   Code   RO         4357    i.HAL_UARTEx_RxEventCallback  stm32g4xx_hal_uart.o
    0x0800400a   0x0800400a   0x00000002   Code   RO         4781    i.HAL_UARTEx_RxFifoFullCallback  stm32g4xx_hal_uart_ex.o
    0x0800400c   0x0800400c   0x0000004c   Code   RO         4782    i.HAL_UARTEx_SetRxFifoThreshold  stm32g4xx_hal_uart_ex.o
    0x08004058   0x08004058   0x0000004c   Code   RO         4783    i.HAL_UARTEx_SetTxFifoThreshold  stm32g4xx_hal_uart_ex.o
    0x080040a4   0x080040a4   0x00000002   Code   RO         4785    i.HAL_UARTEx_TxFifoEmptyCallback  stm32g4xx_hal_uart_ex.o
    0x080040a6   0x080040a6   0x00000002   Code   RO         4786    i.HAL_UARTEx_WakeupCallback  stm32g4xx_hal_uart_ex.o
    0x080040a8   0x080040a8   0x00000002   Code   RO         4373    i.HAL_UART_ErrorCallback  stm32g4xx_hal_uart.o
    0x080040aa   0x080040aa   0x00000002   PAD
    0x080040ac   0x080040ac   0x00000324   Code   RO         4376    i.HAL_UART_IRQHandler  stm32g4xx_hal_uart.o
    0x080043d0   0x080043d0   0x00000070   Code   RO         4377    i.HAL_UART_Init     stm32g4xx_hal_uart.o
    0x08004440   0x08004440   0x00000290   Code   RO          543    i.HAL_UART_MspInit  usart.o
    0x080046d0   0x080046d0   0x00000048   Code   RO         4381    i.HAL_UART_Receive_DMA  stm32g4xx_hal_uart.o
    0x08004718   0x08004718   0x0000005c   Code   RO         5101    i.HAL_UART_RxCpltCallback  callback_task.o
    0x08004774   0x08004774   0x00000002   Code   RO         4385    i.HAL_UART_RxHalfCpltCallback  stm32g4xx_hal_uart.o
    0x08004776   0x08004776   0x00000002   PAD
    0x08004778   0x08004778   0x00000090   Code   RO         4387    i.HAL_UART_Transmit_DMA  stm32g4xx_hal_uart.o
    0x08004808   0x08004808   0x0000004c   Code   RO         5102    i.HAL_UART_TxCpltCallback  callback_task.o
    0x08004854   0x08004854   0x00000002   Code   RO         4390    i.HAL_UART_TxHalfCpltCallback  stm32g4xx_hal_uart.o
    0x08004856   0x08004856   0x00000002   Code   RO          607    i.HardFault_Handler  stm32g4xx_it.o
    0x08004858   0x08004858   0x0000000c   Code   RO          254    i.IMUTask           app_freertos.o
    0x08004864   0x08004864   0x00000472   Code   RO         5251    i.IMU_Attitude_Algorithm  imu.o
    0x08004cd6   0x08004cd6   0x00000016   Code   RO         5252    i.IMU_Data_Read     imu.o
    0x08004cec   0x08004cec   0x00000004   Code   RO         5253    i.IMU_Init          imu.o
    0x08004cf0   0x08004cf0   0x0000000e   Code   RO         5597    i.IMU_Task          totalcontrol.o
    0x08004cfe   0x08004cfe   0x00000002   PAD
    0x08004d00   0x08004d00   0x00000018   Code   RO          255    i.InitTask          app_freertos.o
    0x08004d18   0x08004d18   0x00000036   Code   RO         5674    i.KalmanFilter      filter.o
    0x08004d4e   0x08004d4e   0x00000002   PAD
    0x08004d50   0x08004d50   0x00000030   Code   RO         5676    i.Kalman_Vel_Init   filter.o
    0x08004d80   0x08004d80   0x0000000c   Code   RO         2005    i.LL_ADC_GetOffsetChannel  stm32g4xx_hal_adc.o
    0x08004d8c   0x08004d8c   0x00000008   Code   RO         2006    i.LL_ADC_INJ_IsConversionOngoing  stm32g4xx_hal_adc.o
    0x08004d94   0x08004d94   0x00000008   Code   RO         2007    i.LL_ADC_IsEnabled  stm32g4xx_hal_adc.o
    0x08004d9c   0x08004d9c   0x00000008   Code   RO         2008    i.LL_ADC_REG_IsConversionOngoing  stm32g4xx_hal_adc.o
    0x08004da4   0x08004da4   0x00000010   Code   RO         2009    i.LL_ADC_REG_IsTriggerSourceSWStart  stm32g4xx_hal_adc.o
    0x08004db4   0x08004db4   0x0000001e   Code   RO         2011    i.LL_ADC_SetChannelSamplingTime  stm32g4xx_hal_adc.o
    0x08004dd2   0x08004dd2   0x00000010   Code   RO         2012    i.LL_ADC_SetOffsetState  stm32g4xx_hal_adc.o
    0x08004de2   0x08004de2   0x00000002   PAD
    0x08004de4   0x08004de4   0x00000040   Code   RO         4937    i.Long_Press_Process  button.o
    0x08004e24   0x08004e24   0x00000012   Code   RO         5677    i.Low_Pass_Filter   filter.o
    0x08004e36   0x08004e36   0x00000002   PAD
    0x08004e38   0x08004e38   0x0000007c   Code   RO          358    i.MX_ADC2_Init      adc.o
    0x08004eb4   0x08004eb4   0x000000ac   Code   RO          398    i.MX_DMA_Init       dma.o
    0x08004f60   0x08004f60   0x00000068   Code   RO          256    i.MX_FREERTOS_Init  app_freertos.o
    0x08004fc8   0x08004fc8   0x000000d0   Code   RO          230    i.MX_GPIO_Init      gpio.o
    0x08005098   0x08005098   0x00000050   Code   RO          424    i.MX_SPI2_Init      spi.o
    0x080050e8   0x080050e8   0x0000006c   Code   RO          467    i.MX_TIM15_Init     tim.o
    0x08005154   0x08005154   0x000000a8   Code   RO          468    i.MX_TIM2_Init      tim.o
    0x080051fc   0x080051fc   0x000000ac   Code   RO          469    i.MX_TIM3_Init      tim.o
    0x080052a8   0x080052a8   0x000000bc   Code   RO          470    i.MX_TIM4_Init      tim.o
    0x08005364   0x08005364   0x00000044   Code   RO          471    i.MX_TIM6_Init      tim.o
    0x080053a8   0x080053a8   0x00000048   Code   RO          472    i.MX_TIM7_Init      tim.o
    0x080053f0   0x080053f0   0x00000068   Code   RO          544    i.MX_USART1_UART_Init  usart.o
    0x08005458   0x08005458   0x00000068   Code   RO          545    i.MX_USART2_UART_Init  usart.o
    0x080054c0   0x080054c0   0x00000068   Code   RO          546    i.MX_USART3_UART_Init  usart.o
    0x08005528   0x08005528   0x00000002   Code   RO          608    i.MemManage_Handler  stm32g4xx_it.o
    0x0800552a   0x0800552a   0x00000002   Code   RO          609    i.NMI_Handler       stm32g4xx_it.o
    0x0800552c   0x0800552c   0x00000034   Code   RO         5775    i.PID_struct_init   pid.o
    0x08005560   0x08005560   0x00000028   Code   RO         5437    i.PNG_Init          png_task.o
    0x08005588   0x08005588   0x00000074   Code   RO         5917    i.PWM_Init          user_lib.o
    0x080055fc   0x080055fc   0x00000054   Code   RO         4938    i.Press_Remind      button.o
    0x08005650   0x08005650   0x00000050   Code   RO         2699    i.RCC_GetSysClockFreqFromPLLSource  stm32g4xx_hal_rcc.o
    0x080056a0   0x080056a0   0x0000000c   Code   RO          610    i.SPI2_IRQHandler   stm32g4xx_it.o
    0x080056ac   0x080056ac   0x00000012   Code   RO         4035    i.SPI_DMAAbortOnError  stm32g4xx_hal_spi.o
    0x080056be   0x080056be   0x00000064   Code   RO         4046    i.SPI_EndRxTxTransaction  stm32g4xx_hal_spi.o
    0x08005722   0x08005722   0x00000002   PAD
    0x08005724   0x08005724   0x000000e0   Code   RO         4051    i.SPI_WaitFifoStateUntilTimeout  stm32g4xx_hal_spi.o
    0x08005804   0x08005804   0x000000c0   Code   RO         4052    i.SPI_WaitFlagStateUntilTimeout  stm32g4xx_hal_spi.o
    0x080058c4   0x080058c4   0x0000001c   Code   RO         4939    i.STOP_Process      button.o
    0x080058e0   0x080058e0   0x00000014   Code   RO          257    i.SelfTestTask      app_freertos.o
    0x080058f4   0x080058f4   0x00000064   Code   RO         5485    i.Self_Text_Process  surface_control_task.o
    0x08005958   0x08005958   0x00000024   Code   RO         5486    i.Servo_Updata      surface_control_task.o
    0x0800597c   0x0800597c   0x00000068   Code   RO         4940    i.Short_Press_Process  button.o
    0x080059e4   0x080059e4   0x0000002c   Code   RO         7229    i.SysTick_Handler   port.o
    0x08005a10   0x08005a10   0x00000064   Code   RO           14    i.SystemClock_Config  main.o
    0x08005a74   0x08005a74   0x00000010   Code   RO         4897    i.SystemInit        system_stm32g4xx.o
    0x08005a84   0x08005a84   0x0000000c   Code   RO          611    i.TIM1_BRK_TIM15_IRQHandler  stm32g4xx_it.o
    0x08005a90   0x08005a90   0x0000000c   Code   RO          612    i.TIM1_UP_TIM16_IRQHandler  stm32g4xx_it.o
    0x08005a9c   0x08005a9c   0x0000000c   Code   RO          613    i.TIM6_DAC_IRQHandler  stm32g4xx_it.o
    0x08005aa8   0x08005aa8   0x0000000c   Code   RO          614    i.TIM7_IRQHandler   stm32g4xx_it.o
    0x08005ab4   0x08005ab4   0x000000b8   Code   RO          914    i.TIM_Base_SetConfig  stm32g4xx_hal_tim.o
    0x08005b6c   0x08005b6c   0x0000001a   Code   RO          915    i.TIM_CCxChannelCmd  stm32g4xx_hal_tim.o
    0x08005b86   0x08005b86   0x00000014   Code   RO          925    i.TIM_ETR_SetConfig  stm32g4xx_hal_tim.o
    0x08005b9a   0x08005b9a   0x00000002   PAD
    0x08005b9c   0x08005b9c   0x00000014   Code   RO          926    i.TIM_ITRx_SetConfig  stm32g4xx_hal_tim.o
    0x08005bb0   0x08005bb0   0x000000a4   Code   RO          927    i.TIM_OC1_SetConfig  stm32g4xx_hal_tim.o
    0x08005c54   0x08005c54   0x00000098   Code   RO          928    i.TIM_OC2_SetConfig  stm32g4xx_hal_tim.o
    0x08005cec   0x08005cec   0x00000098   Code   RO          929    i.TIM_OC3_SetConfig  stm32g4xx_hal_tim.o
    0x08005d84   0x08005d84   0x00000098   Code   RO          930    i.TIM_OC4_SetConfig  stm32g4xx_hal_tim.o
    0x08005e1c   0x08005e1c   0x00000070   Code   RO          931    i.TIM_OC5_SetConfig  stm32g4xx_hal_tim.o
    0x08005e8c   0x08005e8c   0x00000070   Code   RO          932    i.TIM_OC6_SetConfig  stm32g4xx_hal_tim.o
    0x08005efc   0x08005efc   0x0000005c   Code   RO          934    i.TIM_TI1_ConfigInputStage  stm32g4xx_hal_tim.o
    0x08005f58   0x08005f58   0x00000040   Code   RO          936    i.TIM_TI2_ConfigInputStage  stm32g4xx_hal_tim.o
    0x08005f98   0x08005f98   0x0000001c   Code   RO         5598    i.TotalControl      totalcontrol.o
    0x08005fb4   0x08005fb4   0x0000000c   Code   RO          258    i.TotalControlTask  app_freertos.o
    0x08005fc0   0x08005fc0   0x00000080   Code   RO         5393    i.TotalInitTask     init_config.o
    0x08006040   0x08006040   0x0000000c   Code   RO         5103    i.Total_Power_Control  callback_task.o
    0x0800604c   0x0800604c   0x00000048   Code   RO         4787    i.UARTEx_SetNbDataToProcess  stm32g4xx_hal_uart_ex.o
    0x08006094   0x08006094   0x000000c8   Code   RO         4391    i.UART_AdvFeatureConfig  stm32g4xx_hal_uart.o
    0x0800615c   0x0800615c   0x000000aa   Code   RO         4392    i.UART_CheckIdleState  stm32g4xx_hal_uart.o
    0x08006206   0x08006206   0x0000000a   Code   RO         4393    i.UART_DMAAbortOnError  stm32g4xx_hal_uart.o
    0x08006210   0x08006210   0x00000044   Code   RO         4394    i.UART_DMAError     stm32g4xx_hal_uart.o
    0x08006254   0x08006254   0x000000a0   Code   RO         4395    i.UART_DMAReceiveCplt  stm32g4xx_hal_uart.o
    0x080062f4   0x080062f4   0x0000003c   Code   RO         4397    i.UART_DMARxHalfCplt  stm32g4xx_hal_uart.o
    0x08006330   0x08006330   0x00000042   Code   RO         4399    i.UART_DMATransmitCplt  stm32g4xx_hal_uart.o
    0x08006372   0x08006372   0x0000000a   Code   RO         4401    i.UART_DMATxHalfCplt  stm32g4xx_hal_uart.o
    0x0800637c   0x0800637c   0x00000054   Code   RO         4403    i.UART_EndRxTransfer  stm32g4xx_hal_uart.o
    0x080063d0   0x080063d0   0x00000024   Code   RO         4404    i.UART_EndTransmit_IT  stm32g4xx_hal_uart.o
    0x080063f4   0x080063f4   0x0000002e   Code   RO         4405    i.UART_EndTxTransfer  stm32g4xx_hal_uart.o
    0x08006422   0x08006422   0x00000002   PAD
    0x08006424   0x08006424   0x000002d4   Code   RO         4410    i.UART_SetConfig    stm32g4xx_hal_uart.o
    0x080066f8   0x080066f8   0x000000a4   Code   RO         4411    i.UART_Start_Receive_DMA  stm32g4xx_hal_uart.o
    0x0800679c   0x0800679c   0x00000098   Code   RO         4417    i.UART_WaitOnFlagUntilTimeout  stm32g4xx_hal_uart.o
    0x08006834   0x08006834   0x0000000c   Code   RO          615    i.USART1_IRQHandler  stm32g4xx_it.o
    0x08006840   0x08006840   0x0000000c   Code   RO          616    i.USART2_IRQHandler  stm32g4xx_it.o
    0x0800684c   0x0800684c   0x0000000c   Code   RO          617    i.USART3_IRQHandler  stm32g4xx_it.o
    0x08006858   0x08006858   0x00000002   Code   RO          618    i.UsageFault_Handler  stm32g4xx_it.o
    0x0800685a   0x0800685a   0x00000002   PAD
    0x0800685c   0x0800685c   0x0000007c   Code   RO         5487    i.Vertical_fin_Control  surface_control_task.o
    0x080068d8   0x080068d8   0x000000a4   Code   RO         5104    i.Vision_Handle     callback_task.o
    0x0800697c   0x0800697c   0x00000054   Code   RO         5105    i.Vision_Receive    callback_task.o
    0x080069d0   0x080069d0   0x00000006   Code   RO         5106    i.Vision_Self_Text  callback_task.o
    0x080069d6   0x080069d6   0x00000002   PAD
    0x080069d8   0x080069d8   0x00000014   Code   RO         5107    i.Vision_Transmit   callback_task.o
    0x080069ec   0x080069ec   0x000000e8   Code   RO         5599    i.Vofa              totalcontrol.o
    0x08006ad4   0x08006ad4   0x0000009c   Code   RO         5859    i.Vofa_Send_Data24  vofa_send.o
    0x08006b70   0x08006b70   0x00000024   Code   RO         5488    i.Wing_Control      surface_control_task.o
    0x08006b94   0x08006b94   0x0000008c   Code   RO         5489    i.Wing_left_Control  surface_control_task.o
    0x08006c20   0x08006c20   0x00000094   Code   RO         5490    i.Wing_right_Control  surface_control_task.o
    0x08006cb4   0x08006cb4   0x00000030   Code   RO         7522    i.__ARM_fpclassify  m_wm.l(fpclassify.o)
    0x08006ce4   0x08006ce4   0x00000020   Code   RO         3870    i.__NVIC_SetPriority  stm32g4xx_hal_cortex.o
    0x08006d04   0x08006d04   0x00000004   PAD
    0x08006d08   0x08006d08   0x00000360   Code   RO         7394    i.__hardfp_asin     m_wm.l(asin.o)
    0x08007068   0x08007068   0x000002d8   Code   RO         7488    i.__hardfp_atan     m_wm.l(atan.o)
    0x08007340   0x08007340   0x00000200   Code   RO         7408    i.__hardfp_atan2    m_wm.l(atan2.o)
    0x08007540   0x08007540   0x0000007a   Code   RO         7444    i.__hardfp_sqrt     m_wm.l(sqrt.o)
    0x080075ba   0x080075ba   0x000000f8   Code   RO         7540    i.__kernel_poly     m_wm.l(poly.o)
    0x080076b2   0x080076b2   0x00000014   Code   RO         7503    i.__mathlib_dbl_infnan  m_wm.l(dunder.o)
    0x080076c6   0x080076c6   0x00000014   Code   RO         7504    i.__mathlib_dbl_infnan2  m_wm.l(dunder.o)
    0x080076da   0x080076da   0x00000006   PAD
    0x080076e0   0x080076e0   0x00000020   Code   RO         7505    i.__mathlib_dbl_invalid  m_wm.l(dunder.o)
    0x08007700   0x08007700   0x00000020   Code   RO         7508    i.__mathlib_dbl_underflow  m_wm.l(dunder.o)
    0x08007720   0x08007720   0x0000002a   Code   RO         5776    i.abs_limit         pid.o
    0x0800774a   0x0800774a   0x00000010   Code   RO         7490    i.atan              m_wm.l(atan.o)
    0x0800775a   0x0800775a   0x00000028   Code   RO         5108    i.bit_reverse       callback_task.o
    0x08007782   0x08007782   0x00000042   Code   RO         5109    i.crc8_maxim_with_reflect  callback_task.o
    0x080077c4   0x080077c4   0x00000018   Code   RO         7518    i.fabs              m_wm.l(fabs.o)
    0x080077dc   0x080077dc   0x00000074   Code   RO         5491    i.get_current_State  surface_control_task.o
    0x08007850   0x08007850   0x0000004c   Code   RO         5492    i.get_current_Target  surface_control_task.o
    0x0800789c   0x0800789c   0x000000f8   Code   RO         5681    i.kalman_filter_init  filter.o
    0x08007994   0x08007994   0x00000046   Code   RO           15    i.main              main.o
    0x080079da   0x080079da   0x0000000c   Code   RO         6782    i.makeFreeRtosPriority  cmsis_os.o
    0x080079e6   0x080079e6   0x00000010   Code   RO         6784    i.osDelay           cmsis_os.o
    0x080079f6   0x080079f6   0x0000000a   Code   RO         6787    i.osKernelStart     cmsis_os.o
    0x08007a00   0x08007a00   0x0000002e   Code   RO         6821    i.osThreadCreate    cmsis_os.o
    0x08007a2e   0x08007a2e   0x0000000a   Code   RO         6832    i.osThreadTerminate  cmsis_os.o
    0x08007a38   0x08007a38   0x000001c4   Code   RO         5777    i.pid_calc          pid.o
    0x08007bfc   0x08007bfc   0x000001d8   Code   RO         5778    i.pid_init          pid.o
    0x08007dd4   0x08007dd4   0x00000018   Code   RO         5779    i.pid_param_init    pid.o
    0x08007dec   0x08007dec   0x00000078   Code   RO         6414    i.prvAddCurrentTaskToDelayedList  tasks.o
    0x08007e64   0x08007e64   0x00000088   Code   RO         6415    i.prvAddNewTaskToReadyList  tasks.o
    0x08007eec   0x08007eec   0x0000003c   Code   RO         6416    i.prvCheckTasksWaitingTermination  tasks.o
    0x08007f28   0x08007f28   0x00000014   Code   RO         6417    i.prvDeleteTCB      tasks.o
    0x08007f3c   0x08007f3c   0x0000004c   Code   RO         7161    i.prvHeapInit       heap_4.o
    0x08007f88   0x08007f88   0x00000028   Code   RO         6418    i.prvIdleTask       tasks.o
    0x08007fb0   0x08007fb0   0x000000ac   Code   RO         6419    i.prvInitialiseNewTask  tasks.o
    0x0800805c   0x0800805c   0x00000058   Code   RO         6420    i.prvInitialiseTaskLists  tasks.o
    0x080080b4   0x080080b4   0x00000054   Code   RO         7162    i.prvInsertBlockIntoFreeList  heap_4.o
    0x08008108   0x08008108   0x00000024   Code   RO         6421    i.prvResetNextTaskUnblockTime  tasks.o
    0x0800812c   0x0800812c   0x0000002c   Code   RO         7230    i.prvTaskExitError  port.o
    0x08008158   0x08008158   0x000000dc   Code   RO         7163    i.pvPortMalloc      heap_4.o
    0x08008234   0x08008234   0x00000024   Code   RO         7231    i.pxPortInitialiseStack  port.o
    0x08008258   0x08008258   0x0000006e   Code   RO         7446    i.sqrt              m_wm.l(sqrt.o)
    0x080082c6   0x080082c6   0x00000002   PAD
    0x080082c8   0x080082c8   0x00000168   Code   RO         5493    i.surface_control_task  surface_control_task.o
    0x08008430   0x08008430   0x00000026   Code   RO         6051    i.uxListRemove      list.o
    0x08008456   0x08008456   0x00000016   Code   RO         6052    i.vListInitialise   list.o
    0x0800846c   0x0800846c   0x00000006   Code   RO         6053    i.vListInitialiseItem  list.o
    0x08008472   0x08008472   0x00000030   Code   RO         6054    i.vListInsert       list.o
    0x080084a2   0x080084a2   0x00000018   Code   RO         6055    i.vListInsertEnd    list.o
    0x080084ba   0x080084ba   0x00000002   PAD
    0x080084bc   0x080084bc   0x00000040   Code   RO         7233    i.vPortEnterCritical  port.o
    0x080084fc   0x080084fc   0x0000002c   Code   RO         7234    i.vPortExitCritical  port.o
    0x08008528   0x08008528   0x00000064   Code   RO         7164    i.vPortFree         heap_4.o
    0x0800858c   0x0800858c   0x00000024   Code   RO         7235    i.vPortSetupTimerInterrupt  port.o
    0x080085b0   0x080085b0   0x00000050   Code   RO         6434    i.vTaskDelay        tasks.o
    0x08008600   0x08008600   0x000000ac   Code   RO         6436    i.vTaskDelete       tasks.o
    0x080086ac   0x080086ac   0x00000068   Code   RO         6448    i.vTaskStartScheduler  tasks.o
    0x08008714   0x08008714   0x00000010   Code   RO         6450    i.vTaskSuspendAll   tasks.o
    0x08008724   0x08008724   0x00000060   Code   RO         6451    i.vTaskSwitchContext  tasks.o
    0x08008784   0x08008784   0x000000f4   Code   RO         7237    i.xPortStartScheduler  port.o
    0x08008878   0x08008878   0x00000060   Code   RO         6455    i.xTaskCreate       tasks.o
    0x080088d8   0x080088d8   0x0000000c   Code   RO         6461    i.xTaskGetTickCount  tasks.o
    0x080088e4   0x080088e4   0x000000d0   Code   RO         6463    i.xTaskIncrementTick  tasks.o
    0x080089b4   0x080089b4   0x000000cc   Code   RO         6469    i.xTaskResumeAll    tasks.o
    0x08008a80   0x08008a80   0x00000018   Code   RO         7465    x$fpl$basic         fz_wm.l(basic.o)
    0x08008a98   0x08008a98   0x00000062   Code   RO         7378    x$fpl$d2f           fz_wm.l(d2f.o)
    0x08008afa   0x08008afa   0x00000002   PAD
    0x08008afc   0x08008afc   0x00000150   Code   RO         7467    x$fpl$dadd          fz_wm.l(daddsub_clz.o)
    0x08008c4c   0x08008c4c   0x00000018   Code   RO         7568    x$fpl$dcmpinf       fz_wm.l(dcmpi.o)
    0x08008c64   0x08008c64   0x000002b0   Code   RO         7381    x$fpl$ddiv          fz_wm.l(ddiv.o)
    0x08008f14   0x08008f14   0x00000078   Code   RO         7473    x$fpl$deqf          fz_wm.l(deqf.o)
    0x08008f8c   0x08008f8c   0x0000002e   Code   RO         7385    x$fpl$dflt          fz_wm.l(dflt_clz.o)
    0x08008fba   0x08008fba   0x00000002   PAD
    0x08008fbc   0x08008fbc   0x00000154   Code   RO         7390    x$fpl$dmul          fz_wm.l(dmul.o)
    0x08009110   0x08009110   0x0000009c   Code   RO         7477    x$fpl$dnaninf       fz_wm.l(dnaninf.o)
    0x080091ac   0x080091ac   0x0000000c   Code   RO         7479    x$fpl$dretinf       fz_wm.l(dretinf.o)
    0x080091b8   0x080091b8   0x00000016   Code   RO         7468    x$fpl$drsb          fz_wm.l(daddsub_clz.o)
    0x080091ce   0x080091ce   0x00000002   PAD
    0x080091d0   0x080091d0   0x00000198   Code   RO         7481    x$fpl$dsqrt         fz_wm.l(dsqrt_umaal.o)
    0x08009368   0x08009368   0x000001d4   Code   RO         7469    x$fpl$dsub          fz_wm.l(daddsub_clz.o)
    0x0800953c   0x0800953c   0x00000056   Code   RO         7392    x$fpl$f2d           fz_wm.l(f2d.o)
    0x08009592   0x08009592   0x0000008c   Code   RO         7483    x$fpl$fnaninf       fz_wm.l(fnaninf.o)
    0x0800961e   0x0800961e   0x0000000a   Code   RO         7655    x$fpl$fpinit        fz_wm.l(fpinit.o)
    0x08009628   0x08009628   0x0000000a   Code   RO         7485    x$fpl$fretinf       fz_wm.l(fretinf.o)
    0x08009632   0x08009632   0x00000000   Code   RO         7487    x$fpl$usenofp       fz_wm.l(usenofp.o)
    0x08009632   0x08009632   0x00000002   PAD
    0x08009634   0x08009634   0x00000050   Data   RO          259    .constdata          app_freertos.o
    0x08009684   0x08009684   0x00000018   Data   RO         4418    .constdata          stm32g4xx_hal_uart.o
    0x0800969c   0x0800969c   0x00000010   Data   RO         4789    .constdata          stm32g4xx_hal_uart_ex.o
    0x080096ac   0x080096ac   0x00000010   Data   RO         4898    .constdata          system_stm32g4xx.o
    0x080096bc   0x080096bc   0x00000008   Data   RO         4899    .constdata          system_stm32g4xx.o
    0x080096c4   0x080096c4   0x0000000c   Data   RO         5028    .constdata          buzzer.o
    0x080096d0   0x080096d0   0x00000050   Data   RO         7397    .constdata          m_wm.l(asin.o)
    0x08009720   0x08009720   0x00000098   Data   RO         7491    .constdata          m_wm.l(atan.o)
    0x080097b8   0x080097b8   0x00000008   Data   RO         7542    .constdata          m_wm.l(qnan.o)
    0x080097c0   0x080097c0   0x0000003a   Data   RO          260    .conststring        app_freertos.o
    0x080097fa   0x080097fa   0x00000002   PAD
    0x080097fc   0x080097fc   0x00000020   Data   RO         7713    Region$$Table       anon$$obj.o


    Execution Region RW_IRAM1 (Exec base: 0x20000000, Load base: 0x0800981c, Size: 0x00006890, Max: 0x00008000, ABSOLUTE, COMPRESSED[0x00000224])

    Exec Addr    Load Addr    Size         Type   Attr      Idx    E Section Name        Object

    0x20000000   COMPRESSED   0x00000004   Data   RW          261    .data               app_freertos.o
    0x20000004   COMPRESSED   0x00000010   Data   RW          262    .data               app_freertos.o
    0x20000014   COMPRESSED   0x0000000c   Data   RW         2470    .data               stm32g4xx_hal.o
    0x20000020   COMPRESSED   0x00000004   Data   RW         4900    .data               system_stm32g4xx.o
    0x20000024   COMPRESSED   0x000000a0   Data   RW         4942    .data               button.o
    0x200000c4   COMPRESSED   0x00000020   Data   RW         5029    .data               buzzer.o
    0x200000e4   COMPRESSED   0x00001040   Data   RW         5030    .data               buzzer.o
    0x20001124   COMPRESSED   0x00000022   Data   RW         5111    .data               callback_task.o
    0x20001146   COMPRESSED   0x00000001   Data   RW         5255    .data               imu.o
    0x20001147   COMPRESSED   0x00000001   PAD
    0x20001148   COMPRESSED   0x00000010   Data   RW         5496    .data               surface_control_task.o
    0x20001158   COMPRESSED   0x00000004   Data   RW         5636    .data               adc_battery.o
    0x2000115c   COMPRESSED   0x00000288   Data   RW         5689    .data               filter.o
    0x200013e4   COMPRESSED   0x00000170   Data   RW         5863    .data               vofa_send.o
    0x20001554   COMPRESSED   0x0000003c   Data   RW         6472    .data               tasks.o
    0x20001590   COMPRESSED   0x00000020   Data   RW         7170    .data               heap_4.o
    0x200015b0   COMPRESSED   0x0000000c   Data   RW         7238    .data               port.o
    0x200015bc        -       0x000000cc   Zero   RW          359    .bss                adc.o
    0x20001688        -       0x00000064   Zero   RW          425    .bss                spi.o
    0x200016ec        -       0x000001c8   Zero   RW          473    .bss                tim.o
    0x200018b4        -       0x000003fc   Zero   RW          547    .bss                usart.o
    0x20001cb0        -       0x0000004c   Zero   RW          783    .bss                stm32g4xx_hal_timebase_tim.o
    0x20001cfc        -       0x00000028   Zero   RW         4941    .bss                button.o
    0x20001d24        -       0x0000001a   Zero   RW         5110    .bss                callback_task.o
    0x20001d3e   COMPRESSED   0x00000002   PAD
    0x20001d40        -       0x0000014c   Zero   RW         5254    .bss                imu.o
    0x20001e8c        -       0x00000038   Zero   RW         5438    .bss                png_task.o
    0x20001ec4        -       0x000000dc   Zero   RW         5494    .bss                surface_control_task.o
    0x20001fa0        -       0x00000020   Zero   RW         5635    .bss                adc_battery.o
    0x20001fc0        -       0x00000154   Zero   RW         5682    .bss                filter.o
    0x20002114        -       0x0000000c   Zero   RW         5683    .bss                filter.o
    0x20002120        -       0x00000048   Zero   RW         5684    .bss                filter.o
    0x20002168        -       0x000003d8   Zero   RW         5780    .bss                pid.o
    0x20002540        -       0x000000f0   Zero   RW         6471    .bss                tasks.o
    0x20002630        -       0x00003c00   Zero   RW         7169    .bss                heap_4.o
    0x20006230        -       0x00000060   Zero   RW         7571    .bss                c_w.l(libspace.o)
    0x20006290        -       0x00000200   Zero   RW            2    HEAP                startup_stm32g431xx.o
    0x20006490        -       0x00000400   Zero   RW            1    STACK               startup_stm32g431xx.o


==============================================================================

Image component sizes


      Code (inc. data)   RO Data    RW Data    ZI Data      Debug   Object Name

       312         28          0          0        204       2023   adc.o
       136         44          0          4         32       1822   adc_battery.o
       172         18        138         20          0       5513   app_freertos.o
       632         64          0        160         40       7750   button.o
       412         38         12       4192          0       5662   buzzer.o
       996        146          0         34         26      14142   callback_task.o
        94          0          0          0          0      13807   cmsis_os.o
       172          4          0          0          0        958   dma.o
         0          0          0          0          0       7756   event_groups.o
       368         18          0        648        424       7350   filter.o
       208         10          0          0          0       1067   gpio.o
       480         26          0         32      15360       7795   heap_4.o
      2156        134          0          1        332      28834   imu.o
       128         38          0          0          0       5465   init_config.o
       138          0          0          0          0       3782   list.o
       174          0          0          0          0     704809   main.o
      1208         84          0          0        984       7684   pid.o
        40         10          0          0         56       1990   png_task.o
       702         74          0         12          0      11432   port.o
       196         22          0          0        100       1841   spi.o
        64         26        472          0       1536        876   startup_stm32g431xx.o
        58         10          0         12          0       3166   stm32g4xx_hal.o
      3080        132          0          0          0      85047   stm32g4xx_hal_adc.o
       166          8          0          0          0      70615   stm32g4xx_hal_adc_ex.o
       158         14          0          0          0      33306   stm32g4xx_hal_cortex.o
       952         28          0          0          0       6966   stm32g4xx_hal_dma.o
       490         40          0          0          0       3762   stm32g4xx_hal_gpio.o
        60          6          0          0          0        934   stm32g4xx_hal_msp.o
       220         18          0          0          0       1537   stm32g4xx_hal_pwr_ex.o
      1904        108          0          0          0       9109   stm32g4xx_hal_rcc.o
       664          8          0          0          0       2052   stm32g4xx_hal_rcc_ex.o
      1674         16          0          0          0       8878   stm32g4xx_hal_spi.o
      2872        288          0          0          0      20679   stm32g4xx_hal_tim.o
       158         24          0          0          0       5912   stm32g4xx_hal_tim_ex.o
       136         20          0          0         76       1559   stm32g4xx_hal_timebase_tim.o
      3360        116         24          0          0      41295   stm32g4xx_hal_uart.o
       292          6         16          0          0       5722   stm32g4xx_hal_uart_ex.o
       210         96          0          0          0      11636   stm32g4xx_it.o
      1466        244          0         16        220      11582   surface_control_task.o
        16          4         24          4          0       1231   system_stm32g4xx.o
      1660        138          0         60        240      21151   tasks.o
      1180         96          0          0        456       6511   tim.o
       274         46          0          0          0       1621   totalcontrol.o
       968         74          0          0       1020       4058   usart.o
       116         12          0          0          0        571   user_lib.o
       156          8          0        368          0       2836   vofa_send.o

    ----------------------------------------------------------------------
     31146       2344        720       5564      21108    1204094   Object Totals
         0          0         32          0          0          0   (incl. Generated)
        68          0          2          1          2          0   (incl. Padding)

    ----------------------------------------------------------------------

      Code (inc. data)   RO Data    RW Data    ZI Data      Debug   Library Member Name

         8          0          0          0          0        841   arm_mat_init_f32.o
       162          0          0          0          0       1865   arm_mat_trans_f32.o
       100          0          0          0          0          0   __dclz77c.o
         8          0          0          0          0         68   __main.o
         0          0          0          0          0          0   __rtentry.o
        12          0          0          0          0          0   __rtentry2.o
         6          0          0          0          0          0   __rtentry4.o
        52          8          0          0          0          0   __scatter.o
        28          0          0          0          0          0   __scatter_zi.o
        22          0          0          0          0        100   _rserrno.o
        16          0          0          0          0         68   aeabi_memset.o
        18          0          0          0          0         80   exit.o
         6          0          0          0          0        152   heapauxi.o
         0          0          0          0          0          0   indicate_semi.o
         2          0          0          0          0          0   libinit.o
         6          0          0          0          0          0   libinit2.o
         2          0          0          0          0          0   libshutdown.o
         2          0          0          0          0          0   libshutdown2.o
         8          4          0          0         96         68   libspace.o
       238          0          0          0          0        100   lludivv7m.o
         8          4          0          0          0         68   rt_errno_addr_intlibspace.o
        68          0          0          0          0         68   rt_memclr.o
        78          0          0          0          0         80   rt_memclr_w.o
       100          0          0          0          0         80   rt_memcpy_w.o
         2          0          0          0          0          0   rtexit.o
        10          0          0          0          0          0   rtexit2.o
        12          4          0          0          0         68   sys_exit.o
        74          0          0          0          0         80   sys_stackheap_outer.o
         2          0          0          0          0         68   use_no_semi.o
        24          0          0          0          0        164   basic.o
        98          4          0          0          0        140   d2f.o
       826         16          0          0          0        492   daddsub_clz.o
        24          0          0          0          0        116   dcmpi.o
       688        140          0          0          0        256   ddiv.o
       120          4          0          0          0        140   deqf.o
        46          0          0          0          0        116   dflt_clz.o
       340         12          0          0          0        152   dmul.o
       156          4          0          0          0        140   dnaninf.o
        12          0          0          0          0        116   dretinf.o
       408         56          0          0          0        168   dsqrt_umaal.o
        86          4          0          0          0        132   f2d.o
       140          4          0          0          0        132   fnaninf.o
        10          0          0          0          0        116   fpinit.o
        10          0          0          0          0        116   fretinf.o
         0          0          0          0          0          0   usenofp.o
       864         94         80          0          0        280   asin.o
       744        106        152          0          0        352   atan.o
       512         64          0          0          0        208   atan2.o
       104         16          0          0          0        496   dunder.o
        24          0          0          0          0        124   fabs.o
        48          0          0          0          0        124   fpclassify.o
       248          0          0          0          0        152   poly.o
         0          0          8          0          0          0   qnan.o
       232          0          0          0          0        296   sqrt.o

    ----------------------------------------------------------------------
      6834        544        240          0         96       8382   Library Totals
        20          0          0          0          0          0   (incl. Padding)

    ----------------------------------------------------------------------

      Code (inc. data)   RO Data    RW Data    ZI Data      Debug   Library Name

       170          0          0          0          0       2706   arm_cortexM4lf_math.lib
       880         20          0          0         96       1148   c_w.l
      2988        244          0          0          0       2496   fz_wm.l
      2776        280        240          0          0       2032   m_wm.l

    ----------------------------------------------------------------------
      6834        544        240          0         96       8382   Library Totals

    ----------------------------------------------------------------------

==============================================================================


      Code (inc. data)   RO Data    RW Data    ZI Data      Debug   

     37980       2888        960       5564      21204    1180340   Grand Totals
     37980       2888        960        548      21204    1180340   ELF Image Totals (compressed)
     37980       2888        960        548          0          0   ROM Totals

==============================================================================

    Total RO  Size (Code + RO Data)                38940 (  38.03kB)
    Total RW  Size (RW Data + ZI Data)             26768 (  26.14kB)
    Total ROM Size (Code + RO Data + RW Data)      39488 (  38.56kB)

==============================================================================

